2026-09-13T21:20:02Z	oscarchen@blockaction.tech	CREATE_WORKFLOW_RUN	spec-to-testcase
2026-09-13T21:22:34Z	agent-spec-analyst	SUBMIT_ARTIFACT	SpecAnalysis ART-SA-01M2EACWVSH575B4KTQTXCQK2D VALID
2026-09-13T21:22:34Z	agent-spec-analyst	SUBMIT_ARTIFACT	RequirementModel ART-RM-01M2EACWVWTZ2AGGA50EKHT3H2 VALID
2026-09-13T21:22:34Z	system	PERSIST_REQUIREMENTS	artifacts/requirements/SPEC-ACCOUNT-001/v0.1/requirements.yaml (32 reqs)
2026-09-13T21:22:34Z	agent-spec-analyst	NEW_CLARIFICATION	CLR-ACCOUNT-001: REQ-ACCOUNT-010 不符合時系統應如何反應？（Spec 未定義拒絕行為）
2026-09-13T21:22:34Z	agent-spec-analyst	NEW_CLARIFICATION	CLR-ACCOUNT-002: REQ-ACCOUNT-016 不符合時系統應如何反應？（Spec 未定義拒絕行為）
2026-09-13T21:22:34Z	agent-spec-analyst	NEW_CLARIFICATION	CLR-ACCOUNT-003: REQ-ACCOUNT-018 不符合時系統應如何反應？（Spec 未定義拒絕行為）
2026-09-13T21:22:34Z	agent-spec-analyst	NEW_CLARIFICATION	CLR-ACCOUNT-004: REQ-ACCOUNT-032 不符合時系統應如何反應？（Spec 未定義拒絕行為）
2026-09-13T21:22:34Z	system	GATE_PASS	T1 G-SPEC
2026-09-13T21:46:13Z	oscarchen@blockaction.tech	ANSWER_CLARIFICATION	CLR-ACCOUNT-001 resolution=requirement_clarified
2026-09-13T21:46:13Z	oscarchen@blockaction.tech	ANSWER_CLARIFICATION	CLR-ACCOUNT-002 resolution=requirement_clarified
2026-09-13T21:46:14Z	oscarchen@blockaction.tech	ANSWER_CLARIFICATION	CLR-ACCOUNT-003 resolution=requirement_clarified
2026-09-13T21:46:14Z	oscarchen@blockaction.tech	ANSWER_CLARIFICATION	CLR-ACCOUNT-004 resolution=requirement_clarified
2026-09-13T21:49:14Z	agent-test-designer	ARTIFACT_INVALID	$.payload.testcases[19].expected_result: '登入失敗' is too short
2026-09-13T21:49:14Z	agent-test-designer	ARTIFACT_INVALID	reference: Artifact ART-TCD-01M2EBXMBWP9HWFGHVF7WC8Z49 狀態為 INVALID，只有 VALID 可被引用
2026-09-13T21:49:27Z	agent-test-designer	SUBMIT_ARTIFACT	TestCaseDraft ART-TCD-01M2EBY7YYB8YK2XHR5WJAKPX4 VALID
2026-09-13T21:49:27Z	agent-test-designer	SUBMIT_ARTIFACT	TestDesignReport ART-TDR-01M2EBY7ZRE8ZZJPKKPEXFN7QM VALID
2026-09-13T21:49:28Z	system	GATE_FAIL	G-DESIGN structural: REQ-ACCOUNT-003 為 high risk 但沒有任何 negative / boundary / error_guessing 案例（或 uncovered_with_reason 需以 'NO_REJECTION_CONTRACT:' 開頭）; REQ-ACCOUNT-001 為 high risk 但沒有任何 negative / boundary / error_guessing 案例（或 uncovered_with_reason 需以 'NO_REJECTION_CONTRACT:' 開頭）; REQ-ACCOUNT-004 為 high risk 但沒有任何 nega
2026-09-13T21:50:11Z	agent-test-designer	SUBMIT_ARTIFACT	TestCaseDraft ART-TCD-01M2EBZJFP49TYJ2XAHBT8T5M5 VALID
2026-09-13T21:50:11Z	agent-test-designer	SUBMIT_ARTIFACT	TestDesignReport ART-TDR-01M2EBZJGJ35Y6C746RRDZSYKR VALID
2026-09-13T21:50:11Z	system	GATE_PASS	T2 G-DESIGN
2026-09-13T21:58:26Z	agent-test-validator	SUBMIT_ARTIFACT	TestValidationReport ART-TVR-01M2ECEPMWWCDZNB50BXEF750J VALID
2026-09-13T21:58:26Z	system	ROUTE_BACK	T3 → T2 iteration 1
2026-09-13T21:58:36Z	agent-test-designer	SUBMIT_ARTIFACT	TestCaseDraft ART-TCD-01M2ECEVVEAQGMDNVZ6SG22Q9S VALID
2026-09-13T21:58:37Z	agent-test-designer	SUBMIT_ARTIFACT	TestDesignReport ART-TDR-01M2ECEVWB5YTPHJZ99KXS104C VALID
2026-09-13T21:58:37Z	system	GATE_PASS	T2 G-DESIGN
2026-09-13T22:02:29Z	agent-test-validator	SUBMIT_ARTIFACT	TestValidationReport ART-TVR-01M2ECP44HBA5SNK4H6XQC5PFJ VALID
2026-09-13T22:02:29Z	system	MATERIALIZE_TESTCASES	TC-ACCOUNT-001 v1, TC-ACCOUNT-002 v1, TC-ACCOUNT-003 v1, TC-ACCOUNT-004 v1, TC-ACCOUNT-005 v1, TC-ACCOUNT-006 v1, TC-ACCOUNT-007 v1, TC-ACCOUNT-008 v1, TC-ACCOUNT-009 v1, TC-ACCOUNT-010 v1, TC-ACCOUNT-011 v1, TC-ACCOUNT-012 v1, TC-ACCOUNT-013 v1, TC-ACCOUNT-014 v1, TC-ACCOUNT-015 v1, TC-ACCOUNT-016 v1, TC-ACCOUNT-017 v1, TC-ACCOUNT-018 v1, TC-ACCOUNT-019 v1, TC-ACCOUNT-020 v1, TC-ACCOUNT-021 v1, TC-ACCOUNT-022 v1, TC-ACCOUNT-023 v1, TC-ACCOUNT-024 v1, TC-ACCOUNT-025 v1, TC-ACCOUNT-026 v1, TC-ACCOUNT-027 v1, TC-ACCOUNT-028 v1, TC-ACCOUNT-029 v1, TC-ACCOUNT-030 v1, TC-ACCOUNT-031 v1, TC-ACCOUNT-032 v1, TC-ACCOUNT-033 v1, TC-ACCOUNT-034 v1, TC-ACCOUNT-035 v1, TC-ACCOUNT-036 v1, TC-ACCOUNT-037 v1, TC-ACCOUNT-038 v1, TC-ACCOUNT-039 v1, TC-ACCOUNT-040 v1, TC-ACCOUNT-041 v1, TC-ACCOUNT-042 v1, TC-ACCOUNT-043 v1, TC-ACCOUNT-044 v1, TC-ACCOUNT-045 v1, TC-ACCOUNT-046 v1, TC-ACCOUNT-047 v1, TC-ACCOUNT-048 v1, TC-ACCOUNT-049 v1, TC-ACCOUNT-050 v1, TC-ACCOUNT-051 v1, TC-ACCOUNT-052 v1, TC-ACCOUNT-053 v1, TC-ACCOUNT-054 v1, TC-ACCOUNT-055 v1, TC-ACCOUNT-056 v1, TC-ACCOUNT-057 v1
2026-09-13T22:02:29Z	system	GATE_PASS	T3 G-TVAL
2026-09-13T22:02:29Z	agent-supervisor	REQUEST_HUMAN_APPROVAL	APR-0017 ACTIVATE_TESTCASE: 57 個 Test Case 版本已 VALIDATED，是否成為 Registry ACTIVE 版本？（含 5 條 exploratory，approve 即確認其假設）
2026-09-13T22:06:36Z	oscarchen@blockaction.tech	RECORD_APPROVAL	APR-0017 ACTIVATE_TESTCASE → approve
2026-09-13T22:06:36Z	system	COMMIT_TO_REGISTRY	TC-ACCOUNT-001 v1, TC-ACCOUNT-002 v1, TC-ACCOUNT-003 v1, TC-ACCOUNT-004 v1, TC-ACCOUNT-005 v1, TC-ACCOUNT-006 v1, TC-ACCOUNT-007 v1, TC-ACCOUNT-008 v1, TC-ACCOUNT-009 v1, TC-ACCOUNT-010 v1, TC-ACCOUNT-011 v1, TC-ACCOUNT-012 v1, TC-ACCOUNT-013 v1, TC-ACCOUNT-014 v1, TC-ACCOUNT-015 v1, TC-ACCOUNT-016 v1, TC-ACCOUNT-017 v1, TC-ACCOUNT-018 v1, TC-ACCOUNT-019 v1, TC-ACCOUNT-020 v1, TC-ACCOUNT-021 v1, TC-ACCOUNT-022 v1, TC-ACCOUNT-023 v1, TC-ACCOUNT-024 v1, TC-ACCOUNT-025 v1, TC-ACCOUNT-026 v1, TC-ACCOUNT-027 v1, TC-ACCOUNT-028 v1, TC-ACCOUNT-029 v1, TC-ACCOUNT-030 v1, TC-ACCOUNT-031 v1, TC-ACCOUNT-032 v1, TC-ACCOUNT-033 v1, TC-ACCOUNT-034 v1, TC-ACCOUNT-035 v1, TC-ACCOUNT-036 v1, TC-ACCOUNT-037 v1, TC-ACCOUNT-038 v1, TC-ACCOUNT-039 v1, TC-ACCOUNT-040 v1, TC-ACCOUNT-041 v1, TC-ACCOUNT-042 v1, TC-ACCOUNT-043 v1, TC-ACCOUNT-044 v1, TC-ACCOUNT-045 v1, TC-ACCOUNT-046 v1, TC-ACCOUNT-047 v1, TC-ACCOUNT-048 v1, TC-ACCOUNT-049 v1, TC-ACCOUNT-050 v1, TC-ACCOUNT-051 v1, TC-ACCOUNT-052 v1, TC-ACCOUNT-053 v1, TC-ACCOUNT-054 v1, TC-ACCOUNT-055 v1, TC-ACCOUNT-056 v1, TC-ACCOUNT-057 v1
2026-09-13T22:06:36Z	agent-supervisor	CREATE_WORKFLOW_SUMMARY	ART-WS-01M2ECXP3JM7M4PB193EN68NWP
