2026-09-14T22:34:54Z	oscarchen@blockaction.tech	CREATE_WORKFLOW_RUN	spec-to-testcase
2026-09-14T22:34:54Z	system	SKIP_TASK	T1
2026-09-14T22:45:12Z	agent-test-designer	SUBMIT_ARTIFACT	TestCaseDraft ART-TCD-01M2H1GPXRSX8H9E5YF72WX8VJ VALID
2026-09-14T22:45:14Z	agent-test-designer	SUBMIT_ARTIFACT	TestDesignReport ART-TDR-01M2H1GPY8143195FCM4S3XY0R VALID
2026-09-14T22:45:19Z	system	GATE_PASS	T2 G-DESIGN
2026-09-14T23:03:16Z	agent-test-validator	SUBMIT_ARTIFACT	TestValidationReport ART-TVR-01M2H2J0E195RHA9AFMDHJGJ5Z VALID
2026-09-14T23:03:16Z	system	ROUTE_BACK	T3 → T2 iteration 1
2026-09-14T23:35:16Z	agent-test-designer	SUBMIT_ARTIFACT	TestCaseDraft ART-TCD-01M2H4C89QGHXVTQPE7HM7Y5J1 VALID
2026-09-14T23:35:16Z	agent-test-designer	SUBMIT_ARTIFACT	TestDesignReport ART-TDR-01M2H4C8AAZ3CCAXYD8MKG2EAN VALID
2026-09-14T23:35:16Z	system	GATE_PASS	T2 G-DESIGN
2026-09-14T23:41:34Z	agent-test-validator	SUBMIT_ARTIFACT	TestValidationReport ART-TVR-01M2H4R028B8RVC0X7M5KT1MDP VALID
2026-09-14T23:41:34Z	system	ROUTE_BACK	T3 → T2 iteration 2
2026-09-15T06:39:51Z	agent-test-designer	SUBMIT_ARTIFACT	TestCaseDraft ART-TCD-01M2HWNZY62YX5RRFSJ9X1H13X VALID
2026-09-15T06:39:52Z	agent-test-designer	SUBMIT_ARTIFACT	TestDesignReport ART-TDR-01M2HWNZYSZN1APHRCY77P32PA VALID
2026-09-15T06:39:52Z	system	GATE_PASS	T2 G-DESIGN
2026-09-15T06:45:49Z	agent-test-validator	SUBMIT_ARTIFACT	TestValidationReport ART-TVR-01M2HX0Z01Z68GM9ZZYJZ3DN5E VALID
2026-09-15T06:45:49Z	agent-supervisor	REQUEST_HUMAN_APPROVAL	APR-0055 HUMAN_OVERRIDE: T2 已迭代 3 次仍 FAIL
2026-09-15T09:02:02Z	oscarchen@blockaction.tech	RECORD_APPROVAL	APR-0055 HUMAN_OVERRIDE → override [OVERRIDE]
2026-09-15T09:02:03Z	system	MATERIALIZE_TESTCASES	TC-MEMBER-027 v1, TC-MEMBER-028 v1, TC-MEMBER-029 v1, TC-MEMBER-030 v1, TC-MEMBER-031 v1, TC-MEMBER-032 v1, TC-MEMBER-033 v1, TC-MEMBER-034 v1, TC-MEMBER-035 v1, TC-MEMBER-036 v1, TC-MEMBER-037 v1, TC-MEMBER-038 v1, TC-MEMBER-039 v1, TC-MEMBER-040 v1, TC-MEMBER-041 v1, TC-MEMBER-042 v1, TC-MEMBER-043 v1, TC-MEMBER-044 v1, TC-MEMBER-045 v1, TC-MEMBER-046 v1, TC-MEMBER-047 v1, TC-MEMBER-048 v1, TC-MEMBER-049 v1, TC-MEMBER-050 v1
2026-09-15T09:02:03Z	agent-supervisor	REQUEST_HUMAN_APPROVAL	APR-0056 ACTIVATE_TESTCASE: 24 個 Test Case 版本已 VALIDATED，是否成為 Registry ACTIVE 版本？（含 5 條 exploratory，approve 即確認其假設）
2026-09-15T11:12:23Z	oscarchen@blockaction.tech	RECORD_APPROVAL	APR-0056 ACTIVATE_TESTCASE → approve
2026-09-15T11:12:24Z	system	COMMIT_TO_REGISTRY	TC-MEMBER-027 v1, TC-MEMBER-028 v1, TC-MEMBER-029 v1, TC-MEMBER-030 v1, TC-MEMBER-031 v1, TC-MEMBER-032 v1, TC-MEMBER-033 v1, TC-MEMBER-034 v1, TC-MEMBER-035 v1, TC-MEMBER-036 v1, TC-MEMBER-037 v1, TC-MEMBER-038 v1, TC-MEMBER-039 v1, TC-MEMBER-040 v1, TC-MEMBER-041 v1, TC-MEMBER-042 v1, TC-MEMBER-043 v1, TC-MEMBER-045 v1, TC-MEMBER-046 v1, TC-MEMBER-047 v1, TC-MEMBER-048 v1, TC-MEMBER-049 v1, TC-MEMBER-050 v1
2026-09-15T11:12:24Z	agent-supervisor	CREATE_WORKFLOW_SUMMARY	ART-WS-01M2JC97G7N61PGHK4GYZJH69X
