2026-09-15T09:40:54Z	oscarchen@blockaction.tech	CREATE_WORKFLOW_RUN	testcase-revision
2026-09-15T09:41:38Z	agent-test-designer	SUBMIT_ARTIFACT	TestCaseDraft ART-TCD-01M2J72XBSW4RTVHQK0XCYJGPV VALID
2026-09-15T09:41:38Z	agent-test-designer	SUBMIT_ARTIFACT	TestDesignReport ART-TDR-01M2J72XBYKPV806S788301KRM VALID
2026-09-15T09:41:39Z	system	GATE_PASS	T1 G-DESIGN
2026-09-15T09:44:02Z	agent-test-validator	SUBMIT_ARTIFACT	TestValidationReport ART-TVR-01M2J77DJ4EKJ3Y4HM81KDQCE8 VALID
2026-09-15T09:44:05Z	system	MATERIALIZE_TESTCASES	TC-MEMBER-007 v2, TC-MEMBER-008 v2
2026-09-15T09:44:05Z	system	GATE_PASS	T2 G-TVAL
2026-09-15T09:44:05Z	agent-supervisor	REQUEST_HUMAN_APPROVAL	APR-0058 ACTIVATE_TESTCASE: 2 個 Test Case 版本已 VALIDATED，是否成為 Registry ACTIVE 版本？（含 2 條 exploratory，approve 即確認其假設）
2026-09-15T10:08:01Z	oscarchen@blockaction.tech	RECORD_APPROVAL	APR-0058 ACTIVATE_TESTCASE → reject
2026-09-15T10:08:01Z	system	COMMIT_TO_REGISTRY	(none)
2026-09-15T10:08:43Z	agent-test-designer	SUBMIT_ARTIFACT	TestCaseDraft ART-TCD-01M2J8M8KHMRVYEAN8M2SXDSW9 VALID
2026-09-15T10:08:43Z	agent-test-designer	SUBMIT_ARTIFACT	TestDesignReport ART-TDR-01M2J8M8KNZV5RWEK4CQV9GGGD VALID
2026-09-15T10:08:43Z	system	GATE_PASS	T1 G-DESIGN
2026-09-15T10:12:07Z	agent-test-validator	SUBMIT_ARTIFACT	TestValidationReport ART-TVR-01M2J8TPW2FYA65DFZBVVAGA14 VALID
2026-09-15T10:12:07Z	system	ROUTE_BACK	T2 → T1 iteration 2
2026-09-15T10:23:02Z	agent-test-designer	SUBMIT_ARTIFACT	TestCaseDraft ART-TCD-01M2J9EJXF860Z2X5TRNDFP6DW VALID
2026-09-15T10:23:02Z	agent-test-designer	SUBMIT_ARTIFACT	TestDesignReport ART-TDR-01M2J9EJXKJPJQT0TF7TH0G1DY VALID
2026-09-15T10:23:03Z	system	GATE_PASS	T1 G-DESIGN
2026-09-15T10:31:16Z	agent-test-validator	ARTIFACT_INVALID	$.payload: 'testcase_draft_artifact_id' is a required property; $.payload: 'validated_against' is a required property; $.payload.advisories[0].issue_type: 'spec_reference_location_mismatch' is not one of ['spec_mismatch', 'requirement_mismatch', 'unsupported_assumption', 'invalid_expected_result', '
2026-09-15T10:31:39Z	agent-test-validator	SUBMIT_ARTIFACT	TestValidationReport ART-TVR-01M2J9YG9F7AYX0QM5Z1ZZ8SB5 VALID
2026-09-15T10:31:39Z	system	GATE_FAIL	G-TVAL structural: issue 指向不存在的 draft both (TC-MEMBER-007 / TC-MEMBER-008 v4 drafts); issue 指向不存在的 draft both (TC-MEMBER-007 / TC-MEMBER-008 v4 drafts)
2026-09-15T10:31:56Z	agent-test-validator	SUBMIT_ARTIFACT	TestValidationReport ART-TVR-01M2J9Z0TTFH3YDW788Y50D7EV VALID
2026-09-15T10:31:56Z	system	MATERIALIZE_TESTCASES	TC-MEMBER-007 v3, TC-MEMBER-008 v3
2026-09-15T10:31:56Z	system	GATE_PASS	T2 G-TVAL
2026-09-15T10:31:56Z	agent-supervisor	REQUEST_HUMAN_APPROVAL	APR-0059 ACTIVATE_TESTCASE: 2 個 Test Case 版本已 VALIDATED，是否成為 Registry ACTIVE 版本？
2026-09-15T10:36:23Z	oscarchen@blockaction.tech	RECORD_APPROVAL	APR-0059 ACTIVATE_TESTCASE → reject
2026-09-15T10:36:23Z	system	COMMIT_TO_REGISTRY	(none)
2026-09-15T10:36:52Z	agent-test-designer	SUBMIT_ARTIFACT	TestCaseDraft ART-TCD-01M2JA81J3BC4628A9ZW70QMDC VALID
2026-09-15T10:36:52Z	agent-test-designer	SUBMIT_ARTIFACT	TestDesignReport ART-TDR-01M2JA81J861KKC88JV3M4JZMK VALID
2026-09-15T10:36:52Z	system	GATE_FAIL	G-DESIGN structural: TC-DRAFT-01M2JA81J23PTYHH89WZAMMZTG 的 assumption 未標 needs_human_confirmation: true（exploratory 案例的假設必須外顯）; TC-DRAFT-01M2JA81J250M6GZGT2KPRZ5QS 的 assumption 未標 needs_human_confirmation: true（exploratory 案例的假設必須外顯）
2026-09-15T10:37:21Z	agent-test-designer	SUBMIT_ARTIFACT	TestCaseDraft ART-TCD-01M2JA8XZZP4BK64VPYAMQATSD VALID
2026-09-15T10:37:21Z	agent-test-designer	SUBMIT_ARTIFACT	TestDesignReport ART-TDR-01M2JA8Y04BZDFSA216SFGZQF8 VALID
2026-09-15T10:37:21Z	system	GATE_PASS	T1 G-DESIGN
2026-09-15T10:42:33Z	agent-supervisor	REQUEST_HUMAN_APPROVAL	APR-0060 NEEDS_DECISION: T2 連續 3 次 Structural FAIL
2026-09-15T10:42:33Z	agent-test-validator	ARTIFACT_INVALID	$.payload.per_testcase[0].verdict: 'issues' is not one of ['ok', 'issue', 'duplicate']; $.payload.per_testcase[1].verdict: 'issues' is not one of ['ok', 'issue', 'duplicate']
2026-09-15T10:43:28Z	oscarchen@blockaction.tech	RECORD_APPROVAL	APR-0060 NEEDS_DECISION → approve
2026-09-15T10:43:36Z	agent-test-validator	SUBMIT_ARTIFACT	TestValidationReport ART-TVR-01M2JAKJYCKKJXT0V4CXF5R593 VALID
2026-09-15T10:43:36Z	agent-supervisor	REQUEST_HUMAN_APPROVAL	APR-0061 HUMAN_OVERRIDE: T1 已迭代 4 次仍 FAIL
2026-09-15T10:43:48Z	oscarchen@blockaction.tech	RECORD_APPROVAL	APR-0061 HUMAN_OVERRIDE → reject
2026-09-15T10:43:53Z	agent-test-designer	SUBMIT_ARTIFACT	TestCaseDraft ART-TCD-01M2JAH5M6K8KCA58ZB24RADXB VALID
2026-09-15T10:43:53Z	agent-test-designer	SUBMIT_ARTIFACT	TestDesignReport ART-TDR-01M2JAH5MBFX271ZKEN77Z6TJY VALID
2026-09-15T10:43:53Z	system	GATE_FAIL	G-DESIGN structural: self_check.no_unsupported_assumptions 未通過
2026-09-15T10:44:14Z	agent-test-designer	SUBMIT_ARTIFACT	TestCaseDraft ART-TCD-01M2JANH6MY49NSTFQDTKBC11V VALID
2026-09-15T10:44:14Z	agent-test-designer	SUBMIT_ARTIFACT	TestDesignReport ART-TDR-01M2JANH6T8NWGRV0QMWAK30XT VALID
2026-09-15T10:44:14Z	system	GATE_PASS	T1 G-DESIGN
2026-09-15T10:49:01Z	agent-test-validator	SUBMIT_ARTIFACT	TestValidationReport ART-TVR-01M2JAYE2074MSXMYVZ3ZBD21C VALID
2026-09-15T10:49:02Z	agent-supervisor	REQUEST_HUMAN_APPROVAL	APR-0062 HUMAN_OVERRIDE: T1 已迭代 5 次仍 FAIL
2026-09-15T10:49:09Z	oscarchen@blockaction.tech	RECORD_APPROVAL	APR-0062 HUMAN_OVERRIDE → reject
2026-09-15T10:49:13Z	agent-test-designer	SUBMIT_ARTIFACT	TestCaseDraft ART-TCD-01M2JAXDYNPNP3MG09RGTVNTK4 VALID
2026-09-15T10:49:13Z	agent-test-designer	SUBMIT_ARTIFACT	TestDesignReport ART-TDR-01M2JAXDYTYGKCX33GK4ANAH5G VALID
2026-09-15T10:49:13Z	system	GATE_PASS	T1 G-DESIGN
2026-09-15T10:53:17Z	agent-test-validator	SUBMIT_ARTIFACT	TestValidationReport ART-TVR-01M2JB679BG5NRWA0X6JS16ZZ9 VALID
2026-09-15T10:53:17Z	system	MATERIALIZE_TESTCASES	TC-MEMBER-007 v4, TC-MEMBER-008 v4
2026-09-15T10:53:17Z	system	GATE_PASS	T2 G-TVAL
2026-09-15T10:53:17Z	agent-supervisor	REQUEST_HUMAN_APPROVAL	APR-0063 ACTIVATE_TESTCASE: 2 個 Test Case 版本已 VALIDATED，是否成為 Registry ACTIVE 版本？（含 2 條 exploratory，approve 即確認其假設）
2026-09-15T10:56:37Z	oscarchen@blockaction.tech	RECORD_APPROVAL	APR-0063 ACTIVATE_TESTCASE → approve
2026-09-15T10:56:37Z	system	COMMIT_TO_REGISTRY	TC-MEMBER-007 v4, TC-MEMBER-008 v4
2026-09-15T10:56:37Z	agent-supervisor	CREATE_WORKFLOW_SUMMARY	ART-WS-01M2JBCB2TB15KQAAKWHQ6BSK0
