2026-09-17T17:18:45Z	oscarchen@blockaction.tech	CREATE_WORKFLOW_RUN	spec-to-testcase
2026-09-17T17:18:45Z	system	SKIP_TASK	T1
2026-09-17T17:28:08Z	agent-test-designer	SUBMIT_ARTIFACT	TestCaseDraft ART-TCD-01M2R6JHSFS54J1RWGE4KDJ52Y VALID
2026-09-17T17:28:08Z	agent-test-designer	SUBMIT_ARTIFACT	TestDesignReport ART-TDR-01M2R6JHSSC13FA5SG6B9AHNGF VALID
2026-09-17T17:28:11Z	system	GATE_PASS	T2 G-DESIGN
2026-09-17T17:35:45Z	agent-test-validator	SUBMIT_ARTIFACT	TestValidationReport ART-TVR-01M2R70K7THS97FW7MEEXEQZ57 VALID
2026-09-17T17:35:45Z	system	ROUTE_BACK	T3 → T2 iteration 1
2026-09-17T17:36:16Z	agent-test-designer	SUBMIT_ARTIFACT	TestCaseDraft ART-TCD-01M2R71DEHH9Z89NF3H0QZ3HH4 VALID
2026-09-17T17:36:16Z	agent-test-designer	SUBMIT_ARTIFACT	TestDesignReport ART-TDR-01M2R71DEV9MR5YV5Y17VHRAH2 VALID
2026-09-17T17:36:17Z	system	GATE_PASS	T2 G-DESIGN
2026-09-17T17:49:51Z	agent-test-validator	ARTIFACT_INVALID	$.payload: 'testcase_draft_artifact_id' is a required property; $.payload: 'validated_against' is a required property; $.payload: 'advisories' is a required property; $.payload.issues[0]: 'violated_requirement' is a required property; $.payload.issues[0]: 'spec_reference' is a required property; $.p
2026-09-17T17:50:31Z	agent-test-validator	SUBMIT_ARTIFACT	TestValidationReport ART-TVR-01M2R7VHVJ0AH6BX19JR6GNBQW VALID
2026-09-17T17:50:32Z	system	ROUTE_BACK	T3 → T2 iteration 2
2026-09-17T17:50:36Z	agent-test-designer	ARTIFACT_INVALID	reference: Artifact ART-TCD-01M2R7RE1CT6ZQD1SZWE76M39Z 狀態為 DRAFT，只有 VALID 可被引用
2026-09-17T17:50:36Z	system	GATE_PASS	T2 G-DESIGN
2026-09-17T17:51:54Z	agent-test-validator	SUBMIT_ARTIFACT	TestValidationReport ART-TVR-01M2R7Y2EQ8YD53Y2Y1TYHVQ16 VALID
2026-09-17T17:51:54Z	agent-supervisor	REQUEST_HUMAN_APPROVAL	APR-0119 HUMAN_OVERRIDE: T2 已迭代 3 次仍 FAIL
2026-09-17T17:52:03Z	oscarchen@blockaction.tech	RECORD_APPROVAL	APR-0119 HUMAN_OVERRIDE → reject
2026-09-17T17:52:10Z	agent-test-designer	SUBMIT_ARTIFACT	TestCaseDraft ART-TCD-01M2R7RE1CT6ZQD1SZWE76M39Z VALID
2026-09-17T17:52:15Z	agent-test-designer	ARTIFACT_INVALID	artifact 狀態 INVALID 不可提交
2026-09-17T17:52:25Z	agent-test-designer	SUBMIT_ARTIFACT	TestDesignReport ART-TDR-01M2R7RE1RSMGN7V992HM4NXEP VALID
2026-09-17T17:52:25Z	system	GATE_PASS	T2 G-DESIGN
2026-09-17T19:17:45Z	agent-test-validator	SUBMIT_ARTIFACT	TestValidationReport ART-TVR-01M2RCV8ZXT4AN7ZYNW8N1BX90 VALID
2026-09-17T19:17:46Z	agent-supervisor	REQUEST_HUMAN_APPROVAL	APR-0120 HUMAN_OVERRIDE: T2 已迭代 4 次仍 FAIL
2026-09-17T19:17:50Z	oscarchen@blockaction.tech	RECORD_APPROVAL	APR-0120 HUMAN_OVERRIDE → reject
2026-09-17T19:18:25Z	agent-test-designer	SUBMIT_ARTIFACT	TestCaseDraft ART-TCD-01M2RCWEF5XHS0ZFPKVREVXRPF VALID
2026-09-17T19:18:25Z	agent-test-designer	SUBMIT_ARTIFACT	TestDesignReport ART-TDR-01M2RCWEFP5T2SJ9B1VM8PC1V8 VALID
2026-09-17T19:18:25Z	system	GATE_PASS	T2 G-DESIGN
2026-09-17T19:22:41Z	agent-test-validator	SUBMIT_ARTIFACT	TestValidationReport ART-TVR-01M2RD49FMAK2TZGC0RRFKZVKN VALID
2026-09-17T19:22:41Z	system	MATERIALIZE_TESTCASES	TC-BONUSCCY-052 v1, TC-BONUSCCY-053 v1, TC-BONUSCCY-054 v1, TC-BONUSCCY-055 v1, TC-BONUSCCY-056 v1, TC-BONUSCCY-057 v1, TC-BONUSCCY-058 v1, TC-BONUSCCY-059 v1, TC-BONUSCCY-060 v1, TC-BONUSCCY-061 v1, TC-BONUSCCY-062 v1, TC-BONUSCCY-063 v1, TC-BONUSCCY-064 v1
2026-09-17T19:22:41Z	system	GATE_PASS	T3 G-TVAL
2026-09-17T19:22:42Z	agent-supervisor	REQUEST_HUMAN_APPROVAL	APR-0121 ACTIVATE_TESTCASE: 13 個 Test Case 版本已 VALIDATED，是否成為 Registry ACTIVE 版本？（含 2 條 exploratory，approve 即確認其假設）
2026-09-17T19:24:36Z	oscarchen@blockaction.tech	RECORD_APPROVAL	APR-0121 ACTIVATE_TESTCASE → reject
2026-09-17T19:24:36Z	system	COMMIT_TO_REGISTRY	TC-BONUSCCY-054 v1, TC-BONUSCCY-060 v1, TC-BONUSCCY-063 v1, TC-BONUSCCY-064 v1
2026-09-17T19:24:36Z	agent-supervisor	CREATE_WORKFLOW_SUMMARY	ART-WS-01M2RD7Y3MAMYKRZBRDFYYHFQQ
