2026-09-15T11:21:17Z	oscarchen@blockaction.tech	CREATE_WORKFLOW_RUN	testcase-revision
2026-09-15T11:22:57Z	agent-test-designer	SUBMIT_ARTIFACT	TestCaseDraft ART-TCD-01M2JCWATY85722CR4C6TAZFTE VALID
2026-09-15T11:22:57Z	agent-test-designer	SUBMIT_ARTIFACT	TestDesignReport ART-TDR-01M2JCWAV1VYJJWWS1HVMDSWFP VALID
2026-09-15T11:22:58Z	system	GATE_PASS	T1 G-DESIGN
2026-09-15T11:29:08Z	agent-test-validator	SUBMIT_ARTIFACT	TestValidationReport ART-TVR-01M2JD7W65C0MHMRTJSEZ200ER VALID
2026-09-15T11:29:08Z	system	ROUTE_BACK	T2 → T1 iteration 1
2026-09-15T11:29:16Z	agent-test-designer	SUBMIT_ARTIFACT	TestCaseDraft ART-TCD-01M2JD801WJVVZFRKEXEA9TCVH VALID
2026-09-15T11:29:16Z	agent-test-designer	SUBMIT_ARTIFACT	TestDesignReport ART-TDR-01M2JD801ZTAWKN1QKWEG5B82Y VALID
2026-09-15T11:29:17Z	system	GATE_PASS	T1 G-DESIGN
2026-09-15T11:33:41Z	agent-test-validator	SUBMIT_ARTIFACT	TestValidationReport ART-TVR-01M2JDG6RS6NHKVJNJWJ47A5V8 VALID
2026-09-15T11:33:41Z	system	MATERIALIZE_TESTCASES	TC-MEMBER-004 v2
2026-09-15T11:33:41Z	system	GATE_PASS	T2 G-TVAL
2026-09-15T11:33:41Z	agent-supervisor	REQUEST_HUMAN_APPROVAL	APR-0090 ACTIVATE_TESTCASE: 1 個 Test Case 版本已 VALIDATED，是否成為 Registry ACTIVE 版本？（含 1 條 exploratory，approve 即確認其假設）
2026-09-15T12:22:36Z	oscarchen@blockaction.tech	RECORD_APPROVAL	APR-0090 ACTIVATE_TESTCASE → reject
2026-09-15T12:22:36Z	system	COMMIT_TO_REGISTRY	(none)
2026-09-15T12:23:30Z	agent-test-designer	SUBMIT_ARTIFACT	TestCaseDraft ART-TCD-01M2JGB9BC6K2WJX42KVYXDP0S VALID
2026-09-15T12:23:30Z	agent-test-designer	SUBMIT_ARTIFACT	TestDesignReport ART-TDR-01M2JGB9BJQ9R15RJAZCWQJ2GP VALID
2026-09-15T12:23:30Z	system	GATE_PASS	T1 G-DESIGN
2026-09-15T12:27:32Z	agent-test-validator	SUBMIT_ARTIFACT	TestValidationReport ART-TVR-01M2JGJT39QVQQMPM4E65T1342 VALID
2026-09-15T12:27:32Z	system	MATERIALIZE_TESTCASES	TC-MEMBER-004 v3
2026-09-15T12:27:32Z	system	GATE_PASS	T2 G-TVAL
2026-09-15T12:27:32Z	agent-supervisor	REQUEST_HUMAN_APPROVAL	APR-0093 ACTIVATE_TESTCASE: 1 個 Test Case 版本已 VALIDATED，是否成為 Registry ACTIVE 版本？
2026-09-15T12:28:01Z	oscarchen@blockaction.tech	RECORD_APPROVAL	APR-0093 ACTIVATE_TESTCASE → approve
2026-09-15T12:28:01Z	system	COMMIT_TO_REGISTRY	TC-MEMBER-004 v3
2026-09-15T12:28:01Z	agent-supervisor	CREATE_WORKFLOW_SUMMARY	ART-WS-01M2JGKP9ZDJ3385FSHWA3DBKG
