2026-09-13T22:09:32Z	oscarchen@blockaction.tech	CREATE_WORKFLOW_RUN	spec-to-testcase
2026-09-13T22:16:43Z	agent-spec-analyst	SUBMIT_ARTIFACT	SpecAnalysis ART-SA-01M2EDG1DQY2NN7DX2WCHFDB1P VALID
2026-09-13T22:16:43Z	agent-spec-analyst	SUBMIT_ARTIFACT	RequirementModel ART-RM-01M2EDG1DVY0CSSEK0GR537KAA VALID
2026-09-13T22:16:43Z	system	PERSIST_REQUIREMENTS	artifacts/requirements/SPEC-CASHFLOW-001/v0.1/requirements.yaml (44 reqs)
2026-09-13T22:16:43Z	agent-spec-analyst	NEW_CLARIFICATION	CLR-CASHFLOW-001: REQ-CASHFLOW-042 不符合時系統應如何反應？（Spec 未定義拒絕行為）
2026-09-13T22:16:43Z	agent-spec-analyst	NEW_CLARIFICATION	CLR-CASHFLOW-002: REQ-CASHFLOW-043 不符合時系統應如何反應？（Spec 未定義拒絕行為）
2026-09-13T22:16:43Z	system	GATE_PASS	T1 G-SPEC
2026-09-13T22:30:22Z	agent-test-designer	SUBMIT_ARTIFACT	TestCaseDraft ART-TCD-01M2EE8VP41NXM8461V0V349RH VALID
2026-09-13T22:30:22Z	agent-test-designer	SUBMIT_ARTIFACT	TestDesignReport ART-TDR-01M2EE8VQ2RX0W1KYNKAQC5MTV VALID
2026-09-13T22:30:23Z	system	GATE_PASS	T2 G-DESIGN
2026-09-13T22:41:43Z	agent-test-validator	SUBMIT_ARTIFACT	TestValidationReport ART-TVR-01M2EEXV7YK40ZC4C9FCGFP42M VALID
2026-09-13T22:41:43Z	system	ROUTE_BACK	T3 → T2 iteration 1
2026-09-13T22:45:34Z	agent-test-designer	SUBMIT_ARTIFACT	TestCaseDraft ART-TCD-01M2EF4PVHRE5MXX8HXV6N266T VALID
2026-09-13T22:45:35Z	agent-test-designer	SUBMIT_ARTIFACT	TestDesignReport ART-TDR-01M2EF4PWEXPZCRJ179SH54GFK VALID
2026-09-13T22:45:35Z	system	GATE_PASS	T2 G-DESIGN
2026-09-13T22:50:49Z	agent-test-validator	SUBMIT_ARTIFACT	TestValidationReport ART-TVR-01M2EFEG961V4DT4XPQ07DZB3D VALID
2026-09-13T22:50:49Z	system	MATERIALIZE_TESTCASES	TC-CASHFLOW-001 v1, TC-CASHFLOW-002 v1, TC-CASHFLOW-003 v1, TC-CASHFLOW-004 v1, TC-CASHFLOW-005 v1, TC-CASHFLOW-006 v1, TC-CASHFLOW-007 v1, TC-CASHFLOW-008 v1, TC-CASHFLOW-009 v1, TC-CASHFLOW-010 v1, TC-CASHFLOW-011 v1, TC-CASHFLOW-012 v1, TC-CASHFLOW-013 v1, TC-CASHFLOW-014 v1, TC-CASHFLOW-015 v1, TC-CASHFLOW-016 v1, TC-CASHFLOW-017 v1, TC-CASHFLOW-018 v1, TC-CASHFLOW-019 v1, TC-CASHFLOW-020 v1, TC-CASHFLOW-021 v1, TC-CASHFLOW-022 v1, TC-CASHFLOW-023 v1, TC-CASHFLOW-024 v1, TC-CASHFLOW-025 v1, TC-CASHFLOW-026 v1, TC-CASHFLOW-027 v1, TC-CASHFLOW-028 v1, TC-CASHFLOW-029 v1, TC-CASHFLOW-030 v1, TC-CASHFLOW-031 v1, TC-CASHFLOW-032 v1, TC-CASHFLOW-033 v1, TC-CASHFLOW-034 v1, TC-CASHFLOW-035 v1, TC-CASHFLOW-036 v1, TC-CASHFLOW-037 v1, TC-CASHFLOW-038 v1, TC-CASHFLOW-039 v1, TC-CASHFLOW-040 v1, TC-CASHFLOW-041 v1, TC-CASHFLOW-042 v1, TC-CASHFLOW-043 v1, TC-CASHFLOW-044 v1, TC-CASHFLOW-045 v1, TC-CASHFLOW-046 v1, TC-CASHFLOW-047 v1, TC-CASHFLOW-048 v1, TC-CASHFLOW-049 v1, TC-CASHFLOW-050 v1, TC-CASHFLOW-051 v1, TC-CASHFLOW-052 v1
2026-09-13T22:50:49Z	system	GATE_PASS	T3 G-TVAL
2026-09-13T22:50:49Z	agent-supervisor	REQUEST_HUMAN_APPROVAL	APR-0018 ACTIVATE_TESTCASE: 52 個 Test Case 版本已 VALIDATED，是否成為 Registry ACTIVE 版本？（含 2 條 exploratory，approve 即確認其假設）
2026-09-13T23:16:37Z	oscarchen@blockaction.tech	RECORD_APPROVAL	APR-0018 ACTIVATE_TESTCASE → approve
2026-09-13T23:16:37Z	system	COMMIT_TO_REGISTRY	TC-CASHFLOW-001 v1, TC-CASHFLOW-002 v1, TC-CASHFLOW-003 v1, TC-CASHFLOW-004 v1, TC-CASHFLOW-005 v1, TC-CASHFLOW-006 v1, TC-CASHFLOW-007 v1, TC-CASHFLOW-008 v1, TC-CASHFLOW-009 v1, TC-CASHFLOW-010 v1, TC-CASHFLOW-011 v1, TC-CASHFLOW-012 v1, TC-CASHFLOW-013 v1, TC-CASHFLOW-014 v1, TC-CASHFLOW-015 v1, TC-CASHFLOW-016 v1, TC-CASHFLOW-017 v1, TC-CASHFLOW-018 v1, TC-CASHFLOW-019 v1, TC-CASHFLOW-020 v1, TC-CASHFLOW-021 v1, TC-CASHFLOW-022 v1, TC-CASHFLOW-023 v1, TC-CASHFLOW-024 v1, TC-CASHFLOW-025 v1, TC-CASHFLOW-026 v1, TC-CASHFLOW-027 v1, TC-CASHFLOW-028 v1, TC-CASHFLOW-029 v1, TC-CASHFLOW-030 v1, TC-CASHFLOW-031 v1, TC-CASHFLOW-032 v1, TC-CASHFLOW-033 v1, TC-CASHFLOW-034 v1, TC-CASHFLOW-035 v1, TC-CASHFLOW-036 v1, TC-CASHFLOW-037 v1, TC-CASHFLOW-038 v1, TC-CASHFLOW-039 v1, TC-CASHFLOW-040 v1, TC-CASHFLOW-041 v1, TC-CASHFLOW-042 v1, TC-CASHFLOW-043 v1, TC-CASHFLOW-044 v1, TC-CASHFLOW-045 v1, TC-CASHFLOW-046 v1, TC-CASHFLOW-047 v1, TC-CASHFLOW-048 v1, TC-CASHFLOW-049 v1, TC-CASHFLOW-050 v1, TC-CASHFLOW-051 v1, TC-CASHFLOW-052 v1
2026-09-13T23:16:37Z	agent-supervisor	CREATE_WORKFLOW_SUMMARY	ART-WS-01M2EGXWVTXCB889G27C9999BF
