2026-09-17T16:02:26Z	oscarchen@blockaction.tech	CREATE_WORKFLOW_RUN	spec-to-testcase
2026-09-17T16:02:26Z	system	SKIP_TASK	T1
2026-09-17T16:11:48Z	agent-test-designer	SUBMIT_ARTIFACT	TestCaseDraft ART-TCD-01M2R26RDN1XDQDTSFP8ZSYKP7 VALID
2026-09-17T16:11:51Z	agent-test-designer	SUBMIT_ARTIFACT	TestDesignReport ART-TDR-01M2R26RE2141BNA6TC3PJ03TY VALID
2026-09-17T16:11:51Z	system	GATE_PASS	T2 G-DESIGN
2026-09-17T16:18:38Z	agent-test-validator	SUBMIT_ARTIFACT	TestValidationReport ART-TVR-01M2R2KD9PVJ55YQWV1VW66AHG VALID
2026-09-17T16:18:38Z	system	GATE_FAIL	G-TVAL structural: issue 指向不存在的 draft TC-DRAFT-01M2R26RDN1XDQDTSFP8ZSYKP7
2026-09-17T16:18:46Z	agent-test-validator	SUBMIT_ARTIFACT	TestValidationReport ART-TVR-01M2R2KMHBENWK824X7TAB7C07 VALID
2026-09-17T16:18:46Z	system	ROUTE_BACK	T3 → T2 iteration 1
2026-09-17T16:25:25Z	agent-test-designer	SUBMIT_ARTIFACT	TestCaseDraft ART-TCD-01M2R2ZKT738P8M4H6E6CZRZWG VALID
2026-09-17T16:25:25Z	agent-test-designer	SUBMIT_ARTIFACT	TestDesignReport ART-TDR-01M2R2ZKTN6Y3QHASHBN818XKS VALID
2026-09-17T16:25:25Z	system	GATE_PASS	T2 G-DESIGN
2026-09-17T16:31:17Z	agent-test-validator	SUBMIT_ARTIFACT	TestValidationReport ART-TVR-01M2R3AJJCVTFE6SMCYHSH527J VALID
2026-09-17T16:31:17Z	system	ROUTE_BACK	T3 → T2 iteration 2
2026-09-17T16:31:48Z	agent-test-designer	ARTIFACT_INVALID	reference: Artifact ART-TCD-01M2R26RDN1XDQDTSFP8ZSYKP7 狀態為 SUPERSEDED，只有 VALID 可被引用
2026-09-17T16:32:05Z	agent-test-designer	ARTIFACT_INVALID	artifact 狀態 INVALID 不可提交
2026-09-17T16:32:24Z	agent-test-designer	SUBMIT_ARTIFACT	TestCaseDraft ART-TCD-01M2R3CEEHNP2H9FBJ5ZR19BA3 VALID
2026-09-17T16:32:24Z	agent-test-designer	SUBMIT_ARTIFACT	TestDesignReport ART-TDR-01M2R3CEEY5S2WPY9V8CZE3A5J VALID
2026-09-17T16:32:24Z	system	GATE_FAIL	G-DESIGN structural: REQ-BONUSCCY-004 有 4 條 exploratory，超過上限 3（Spec 缺錯誤契約應回補 Spec，而非堆案例）
2026-09-17T16:32:51Z	agent-supervisor	REQUEST_HUMAN_APPROVAL	APR-0115 NEEDS_DECISION: T2 連續 4 次 Structural FAIL
2026-09-17T16:32:51Z	agent-test-designer	ARTIFACT_INVALID	artifact 狀態 SUPERSEDED 不可提交; reference: Artifact ART-TCD-01M2R26RDN1XDQDTSFP8ZSYKP7 狀態為 SUPERSEDED，只有 VALID 可被引用
2026-09-17T16:33:29Z	oscarchen@blockaction.tech	RECORD_APPROVAL	APR-0115 NEEDS_DECISION → approve
2026-09-17T16:33:35Z	agent-test-designer	SUBMIT_ARTIFACT	TestCaseDraft ART-TCD-01M2R3DSWCD3H95921XKFGPXFK VALID
2026-09-17T16:33:35Z	agent-test-designer	SUBMIT_ARTIFACT	TestDesignReport ART-TDR-01M2R3DSWRK3QQG7T0FXZTGW3W VALID
2026-09-17T16:33:35Z	system	GATE_PASS	T2 G-DESIGN
2026-09-17T16:38:44Z	agent-test-validator	SUBMIT_ARTIFACT	TestValidationReport ART-TVR-01M2R3R6NYKMXM86QNY0MM5S23 VALID
2026-09-17T16:38:44Z	system	MATERIALIZE_TESTCASES	TC-BONUSCCY-032 v1, TC-BONUSCCY-033 v1, TC-BONUSCCY-034 v1, TC-BONUSCCY-035 v1, TC-BONUSCCY-036 v1, TC-BONUSCCY-037 v1, TC-BONUSCCY-038 v1, TC-BONUSCCY-039 v1, TC-BONUSCCY-040 v1, TC-BONUSCCY-041 v1, TC-BONUSCCY-042 v1, TC-BONUSCCY-043 v1, TC-BONUSCCY-044 v1, TC-BONUSCCY-045 v1
2026-09-17T16:38:44Z	system	GATE_PASS	T3 G-TVAL
2026-09-17T16:38:44Z	agent-supervisor	REQUEST_HUMAN_APPROVAL	APR-0116 ACTIVATE_TESTCASE: 14 個 Test Case 版本已 VALIDATED，是否成為 Registry ACTIVE 版本？（含 4 條 exploratory，approve 即確認其假設）
2026-09-17T17:14:12Z	oscarchen@blockaction.tech	RECORD_APPROVAL	APR-0116 ACTIVATE_TESTCASE → reject
2026-09-17T17:14:12Z	system	COMMIT_TO_REGISTRY	TC-BONUSCCY-033 v1, TC-BONUSCCY-034 v1, TC-BONUSCCY-037 v1, TC-BONUSCCY-045 v1
2026-09-17T17:14:12Z	agent-supervisor	CREATE_WORKFLOW_SUMMARY	ART-WS-01M2R5S4TM0S3M2E72JMDXQGMP
