-	2026-09-13T10:28:45Z	oscarchen@blockaction.tech	IMPORT_MANUAL_RECORD	MAN-20260913-001 ← bug-01-referral-reward-log-filter-ignored.md evidence=EVD-0001
-	2026-09-13T10:28:45Z	oscarchen@blockaction.tech	IMPORT_MANUAL_RECORD	MAN-20260913-002 ← bug-02-user-list-status-filter-broken.md evidence=EVD-0002
-	2026-09-13T10:28:45Z	oscarchen@blockaction.tech	IMPORT_MANUAL_RECORD	MAN-20260913-003 ← bug-03-user-list-name-filter-ignored.md evidence=EVD-0003
-	2026-09-13T10:28:45Z	oscarchen@blockaction.tech	IMPORT_MANUAL_RECORD	MAN-20260913-004 ← bug-04-game-bet-log-betstatus-unreachable.md evidence=EVD-0004
-	2026-09-13T10:28:45Z	oscarchen@blockaction.tech	IMPORT_MANUAL_RECORD	MAN-20260913-005 ← bug-05-rebate-log-time-filter-broken.md evidence=EVD-0005
-	2026-09-13T10:28:45Z	oscarchen@blockaction.tech	IMPORT_MANUAL_RECORD	MAN-20260913-006 ← bug-06-rebate-log-undocumented-fields-ignored.md evidence=EVD-0006
-	2026-09-13T10:28:45Z	oscarchen@blockaction.tech	IMPORT_MANUAL_RECORD	MAN-20260913-007 ← bug-07-transaction-audit-log-numeric-range-broken.md evidence=EVD-0007
-	2026-09-13T10:28:45Z	oscarchen@blockaction.tech	IMPORT_MANUAL_RECORD	MAN-20260913-008 ← bug-08-vip-level-change-log-nested-date-ignored.md evidence=EVD-0008
-	2026-09-13T11:01:51Z	oscarchen@blockaction.tech	IMPORT_SPEC	SPEC-COMMON-001@0.1
-	2026-09-13T11:01:51Z	oscarchen@blockaction.tech	IMPORT_SPEC	SPEC-ARCADE-001@0.7
-	2026-09-13T11:01:51Z	oscarchen@blockaction.tech	IMPORT_SPEC	SPEC-SITELIST-001@0.4
-	2026-09-13T11:01:51Z	oscarchen@blockaction.tech	IMPORT_SPEC	SPEC-ACCOUNT-001@0.1
-	2026-09-13T11:01:51Z	oscarchen@blockaction.tech	IMPORT_SPEC	SPEC-CASHFLOW-001@0.1
-	2026-09-13T11:01:51Z	oscarchen@blockaction.tech	IMPORT_SPEC	SPEC-TXLOG-001@0.1
-	2026-09-13T11:01:51Z	oscarchen@blockaction.tech	IMPORT_SPEC	SPEC-CASHOUT-001@0.1
-	2026-09-13T11:01:51Z	oscarchen@blockaction.tech	IMPORT_SPEC	SPEC-DAILYREPORT-001@0.1
-	2026-09-13T11:01:51Z	oscarchen@blockaction.tech	IMPORT_SPEC	SPEC-PLATFORMRULE-001@0.1
-	2026-09-13T11:01:51Z	oscarchen@blockaction.tech	IMPORT_SPEC	SPEC-UPDATEPACK-001@0.1
-	2026-09-13T11:01:51Z	oscarchen@blockaction.tech	IMPORT_SPEC	SPEC-MEMBER-001@0.2
-	2026-09-13T11:01:51Z	oscarchen@blockaction.tech	IMPORT_SPEC	SPEC-BONUSCCY-001@1.0
-	2026-09-13T11:01:51Z	oscarchen@blockaction.tech	IMPORT_SPEC	SPEC-BONUSCCY-002@1.0
-	2026-09-13T11:01:51Z	oscarchen@blockaction.tech	IMPORT_SPEC	SPEC-BONUSCCY-003@1.0
-	2026-09-13T11:01:51Z	oscarchen@blockaction.tech	IMPORT_MANUAL_RECORD	MAN-20260913-009 ← bug單_場館日結報表欄位缺失.md evidence=['EVD-0009']
-	2026-09-13T11:01:51Z	oscarchen@blockaction.tech	IMPORT_MANUAL_RECORD	MAN-20260913-010 ← bug單_洗分出金核實入口角標計數與頁面實際筆數不符.md evidence=['EVD-0010']
-	2026-09-13T11:01:51Z	oscarchen@blockaction.tech	IMPORT_MANUAL_RECORD	MAN-20260913-011 ← bug單_系統使用者列表查無登入中帳號.md evidence=['EVD-0011']
-	2026-09-13T11:01:51Z	oscarchen@blockaction.tech	IMPORT_MANUAL_RECORD	MAN-20260913-012 ← bug單_ZZAA00264上層站台異常可自由選取.html evidence=['EVD-0012', 'EVD-0013', 'EVD-0014', 'EVD-0015', 'EVD-0016', 'EVD-0017', 'EVD-0018', 'EVD-0019']
-	2026-09-13T11:01:51Z	oscarchen@blockaction.tech	IMPORT_MANUAL_RECORD	MAN-20260913-013 ← bug單_上層站台選單異常與根層機台建立受阻.html evidence=['EVD-0020', 'EVD-0021', 'EVD-0022', 'EVD-0023', 'EVD-0024', 'EVD-0025', 'EVD-0026', 'EVD-0027']
-	2026-09-13T11:01:51Z	oscarchen@blockaction.tech	IMPORT_MANUAL_RECORD	MAN-20260913-014 ← bug單_子站台類型與核心貨幣顯示錯誤.html evidence=['EVD-0028', 'EVD-0029', 'EVD-0030', 'EVD-0031', 'EVD-0032', 'EVD-0033']
-	2026-09-13T11:01:51Z	oscarchen@blockaction.tech	IMPORT_MANUAL_RECORD	MAN-20260913-015 ← bug單_不支援TWD遊戲商於機台場館顯示異常.html evidence=['EVD-0034', 'EVD-0035', 'EVD-0036']
-	2026-09-13T11:01:51Z	oscarchen@blockaction.tech	IMPORT_MANUAL_RECORD	MAN-20260913-016 ← bug單_畫面管理OFF未實際隱藏前台TAB.html evidence=['EVD-0037', 'EVD-0038', 'EVD-0039', 'EVD-0040', 'EVD-0041', 'EVD-0042', 'EVD-0043']
-	2026-09-13T11:01:51Z	oscarchen@blockaction.tech	NEW_CLARIFICATION	CLR-PLATFORMRULE-001: 「站長＝最高權限」的定義是否仍有效？三份 spec 的權限層級互相矛盾
-	2026-09-13T11:01:51Z	oscarchen@blockaction.tech	ANSWER_CLARIFICATION	CLR-PLATFORMRULE-001 resolution=requirement_clarified
RUN-20260913-001	2026-09-13T11:03:10Z	oscarchen@blockaction.tech	CREATE_WORKFLOW_RUN	spec-to-testcase
RUN-20260913-001	2026-09-13T11:04:55Z	agent-spec-analyst	SUBMIT_ARTIFACT	SpecAnalysis ART-SA-01M2D723KZY1429N1AP338TR5S VALID
RUN-20260913-001	2026-09-13T11:04:55Z	agent-spec-analyst	ARTIFACT_INVALID	$.payload.requirements[0].acceptance_criteria[0].ac_id: 'AC-DAILYREPORT-001A' does not match '^AC-[A-Z0-9]+-[0-9]{3,}$'; $.payload.requirements[0].acceptance_criteria[1].ac_id: 'AC-DAILYREPORT-001B' does not match '^AC-[A-Z0-9]+-[0-9]{3,}$'; $.payload.requirements[0].acceptance_criteria[2].ac_id: 'A
RUN-20260913-001	2026-09-13T11:05:07Z	agent-spec-analyst	SUBMIT_ARTIFACT	RequirementModel ART-RM-01M2D72FB77WAP7PFRAKC54QCR VALID
RUN-20260913-001	2026-09-13T11:05:07Z	system	PERSIST_REQUIREMENTS	artifacts/requirements/SPEC-DAILYREPORT-001/v0.1/requirements.yaml (17 reqs)
RUN-20260913-001	2026-09-13T11:05:07Z	agent-spec-analyst	NEW_CLARIFICATION	CLR-DAILYREPORT-001: REQ-DAILYREPORT-001 不符合時系統應如何反應？（Spec 未定義拒絕行為）
RUN-20260913-001	2026-09-13T11:05:07Z	agent-spec-analyst	NEW_CLARIFICATION	CLR-DAILYREPORT-002: REQ-DAILYREPORT-003 不符合時系統應如何反應？（Spec 未定義拒絕行為）
RUN-20260913-001	2026-09-13T11:05:07Z	agent-spec-analyst	NEW_CLARIFICATION	CLR-DAILYREPORT-003: REQ-DAILYREPORT-004 不符合時系統應如何反應？（Spec 未定義拒絕行為）
RUN-20260913-001	2026-09-13T11:05:07Z	agent-spec-analyst	NEW_CLARIFICATION	CLR-DAILYREPORT-004: REQ-DAILYREPORT-007 不符合時系統應如何反應？（Spec 未定義拒絕行為）
RUN-20260913-001	2026-09-13T11:05:07Z	agent-spec-analyst	NEW_CLARIFICATION	CLR-DAILYREPORT-005: REQ-DAILYREPORT-011 不符合時系統應如何反應？（Spec 未定義拒絕行為）
RUN-20260913-001	2026-09-13T11:05:07Z	agent-spec-analyst	NEW_CLARIFICATION	CLR-DAILYREPORT-006: REQ-DAILYREPORT-016 不符合時系統應如何反應？（Spec 未定義拒絕行為）
RUN-20260913-001	2026-09-13T11:05:07Z	system	GATE_PASS	T1 G-SPEC
RUN-20260913-001	2026-09-13T11:07:58Z	agent-test-designer	ARTIFACT_INVALID	$.payload.testcases[14].title: '按月彙總' is too short
RUN-20260913-001	2026-09-13T11:07:58Z	agent-test-designer	ARTIFACT_INVALID	reference: Artifact ART-TCD-01M2D77NQ66TKDCRERBRMVWKF4 狀態為 INVALID，只有 VALID 可被引用
RUN-20260913-001	2026-09-13T11:08:06Z	agent-test-designer	SUBMIT_ARTIFACT	TestCaseDraft ART-TCD-01M2D77XNG6X6HQ7A30SP0154W VALID
RUN-20260913-001	2026-09-13T11:08:06Z	agent-test-designer	SUBMIT_ARTIFACT	TestDesignReport ART-TDR-01M2D77XP91E1FGSGVXSMFMRZ7 VALID
RUN-20260913-001	2026-09-13T11:08:07Z	system	GATE_FAIL	G-DESIGN structural: TC-DRAFT-01M2D77XNFYT80K96WEN5MYW07：REQ-DAILYREPORT-007 的 rejection_contract 未定義，非 happy-path 案例的 expected 必須以 exploratory 表達（assumptions + needs_human_confirmation），不得寫成確定規則; TC-DRAFT-01M2D77XNF7HW2DD0AHR4NT8C0：REQ-DAILYREPORT-007 的 rejection_contract 未定義，非 happy-path 案例的 expected 必須以 exploratory 表
RUN-20260913-001	2026-09-13T14:02:05Z	system	GATE_PASS	T2 G-DESIGN
RUN-20260913-001	2026-09-13T14:09:17Z	agent-test-validator	SUBMIT_ARTIFACT	TestValidationReport ART-TVR-01M2DHKNY6RHPZ12HV2DNSWVHM VALID
RUN-20260913-001	2026-09-13T14:09:17Z	system	ROUTE_BACK	T3 → T2 iteration 1
RUN-20260913-001	2026-09-13T14:10:30Z	agent-supervisor	REQUEST_HUMAN_APPROVAL	APR-0001 NEEDS_DECISION: T2 連續 4 次 Structural FAIL
RUN-20260913-001	2026-09-13T14:10:30Z	agent-test-designer	ARTIFACT_INVALID	artifact 狀態 VALID 不可提交
RUN-20260913-001	2026-09-13T14:10:54Z	oscarchen@blockaction.tech	RECORD_APPROVAL	APR-0001 NEEDS_DECISION → approve
RUN-20260913-001	2026-09-13T14:10:55Z	agent-test-designer	SUBMIT_ARTIFACT	TestCaseDraft ART-TCD-01M2DHP7NPKTQZPEHSYS86RNPE VALID
RUN-20260913-001	2026-09-13T14:10:55Z	agent-test-designer	SUBMIT_ARTIFACT	TestDesignReport ART-TDR-01M2DHP7PF3JA30JSVPX8B2D7B VALID
RUN-20260913-001	2026-09-13T14:10:55Z	system	GATE_PASS	T2 G-DESIGN
RUN-20260913-001	2026-09-13T14:15:31Z	agent-test-validator	SUBMIT_ARTIFACT	TestValidationReport ART-TVR-01M2DHZ3HFXMS3342ZRNSJR838 VALID
RUN-20260913-001	2026-09-13T14:15:32Z	agent-supervisor	REQUEST_HUMAN_APPROVAL	APR-0002 HUMAN_OVERRIDE: T2 已迭代 3 次仍 FAIL
RUN-20260913-001	2026-09-13T14:15:55Z	oscarchen@blockaction.tech	MANUAL_CORRECTION	T2 iteration 3→2：NEEDS_DECISION retry 誤計入 semantic 迭代（engine bug，已修）
RUN-20260913-001	2026-09-13T14:15:55Z	oscarchen@blockaction.tech	RECORD_APPROVAL	APR-0002 HUMAN_OVERRIDE → reject
RUN-20260913-001	2026-09-13T14:15:56Z	agent-test-designer	SUBMIT_ARTIFACT	TestCaseDraft ART-TCD-01M2DHZ414N1W916083PN5Z45J VALID
RUN-20260913-001	2026-09-13T14:15:56Z	agent-test-designer	SUBMIT_ARTIFACT	TestDesignReport ART-TDR-01M2DHZ41XA94Z9J05VX0DF281 VALID
RUN-20260913-001	2026-09-13T14:15:56Z	system	GATE_PASS	T2 G-DESIGN
RUN-20260913-001	2026-09-13T14:16:15Z	oscarchen@blockaction.tech	MANUAL_CORRECTION	T3 DONE→PENDING：HUMAN_OVERRIDE reject 未重設下游 task（engine bug，已修）
RUN-20260913-001	2026-09-13T14:16:16Z	system	GATE_PASS	T2 G-DESIGN
RUN-20260913-001	2026-09-13T14:18:21Z	agent-test-validator	SUBMIT_ARTIFACT	TestValidationReport ART-TVR-01M2DJ49HHDZVN62QCSCX11KNR VALID
RUN-20260913-001	2026-09-13T14:18:22Z	system	MATERIALIZE_TESTCASES	TC-DAILYREPORT-001 v1, TC-DAILYREPORT-002 v1, TC-DAILYREPORT-003 v1, TC-DAILYREPORT-004 v1, TC-DAILYREPORT-005 v1, TC-DAILYREPORT-006 v1, TC-DAILYREPORT-007 v1, TC-DAILYREPORT-008 v1, TC-DAILYREPORT-009 v1, TC-DAILYREPORT-010 v1, TC-DAILYREPORT-011 v1, TC-DAILYREPORT-012 v1, TC-DAILYREPORT-013 v1, TC-DAILYREPORT-014 v1, TC-DAILYREPORT-015 v1, TC-DAILYREPORT-016 v1, TC-DAILYREPORT-017 v1, TC-DAILYREPORT-018 v1, TC-DAILYREPORT-019 v1, TC-DAILYREPORT-020 v1, TC-DAILYREPORT-021 v1, TC-DAILYREPORT-022 v1, TC-DAILYREPORT-023 v1, TC-DAILYREPORT-024 v1, TC-DAILYREPORT-025 v1, TC-DAILYREPORT-026 v1, TC-DAILYREPORT-027 v1, TC-DAILYREPORT-028 v1, TC-DAILYREPORT-029 v1, TC-DAILYREPORT-030 v1, TC-DAILYREPORT-031 v1, TC-DAILYREPORT-032 v1, TC-DAILYREPORT-033 v1, TC-DAILYREPORT-034 v1, TC-DAILYREPORT-035 v1, TC-DAILYREPORT-036 v1, TC-DAILYREPORT-037 v1, TC-DAILYREPORT-038 v1, TC-DAILYREPORT-039 v1, TC-DAILYREPORT-040 v1, TC-DAILYREPORT-041 v1, TC-DAILYREPORT-042 v1, TC-DAILYREPORT-043 v1, TC-DAILYREPORT-044 v1, TC-DAILYREPORT-045 v1, TC-DAILYREPORT-046 v1, TC-DAILYREPORT-047 v1, TC-DAILYREPORT-048 v1, TC-DAILYREPORT-049 v1, TC-DAILYREPORT-050 v1, TC-DAILYREPORT-051 v1, TC-DAILYREPORT-052 v1, TC-DAILYREPORT-053 v1
RUN-20260913-001	2026-09-13T14:18:22Z	system	GATE_PASS	T3 G-TVAL
RUN-20260913-001	2026-09-13T14:18:22Z	agent-supervisor	REQUEST_HUMAN_APPROVAL	APR-0003 ACTIVATE_TESTCASE: 53 個 Test Case 版本已 VALIDATED，是否成為 Registry ACTIVE 版本？（含 9 條 exploratory，approve 即確認其假設）
-	2026-09-13T14:19:37Z	oscarchen@blockaction.tech	ADD_EVIDENCE	EVD-0044 api_response
-	2026-09-13T14:19:37Z	oscarchen@blockaction.tech	ADD_EVIDENCE	EVD-0045 api_response
RUN-20260913-002	2026-09-13T14:19:37Z	oscarchen@blockaction.tech	CREATE_WORKFLOW_RUN	spec-to-bug
RUN-20260913-002	2026-09-13T14:19:37Z	system	SKIP_TASK	T0
RUN-20260913-003	2026-09-13T14:19:37Z	oscarchen@blockaction.tech	CREATE_WORKFLOW_RUN	spec-to-bug
RUN-20260913-003	2026-09-13T14:19:37Z	system	SKIP_TASK	T0
RUN-20260913-002	2026-09-13T14:20:11Z	agent-bug-analyst	SUBMIT_ARTIFACT	BugDraft ART-BD-01M2DJ7MYC6K10R1AWCTD491T0 VALID
RUN-20260913-002	2026-09-13T14:20:11Z	system	GATE_PASS	T1 G-BVAL
RUN-20260913-003	2026-09-13T14:20:11Z	agent-bug-analyst	SUBMIT_ARTIFACT	BugDraft ART-BD-01M2DJ7MYFMM14RJ6JAARHE7Y3 VALID
RUN-20260913-003	2026-09-13T14:20:12Z	system	GATE_PASS	T1 G-BVAL
-	2026-09-13T14:21:19Z	oscarchen@blockaction.tech	NEW_CLARIFICATION	CLR-SCREENMGMT-001: 機台場館（核心貨幣 TWD）的遊戲商上架清單，是否應在畫面管理／遊戲商管理層級過濾掉不支援 TWD 的遊戲商（如 AMB）？
-	2026-09-13T14:21:19Z	oscarchen@blockaction.tech	NEW_CLARIFICATION	CLR-SCREENMGMT-002: 「畫面管理」的「前台顯示」開關 OFF 時，預期效果是否包含隱藏前台底部導覽 TAB 與其下遊戲？目前沒有畫面管理的 spec
RUN-20260913-002	2026-09-13T14:24:32Z	agent-bug-validator	SUBMIT_ARTIFACT	BugValidationReport ART-BVR-01M2DJFKQG5F5BK6SA8YDBXP04 VALID
RUN-20260913-002	2026-09-13T14:24:32Z	system	GATE_PASS	T2 G-BVAL
RUN-20260913-002	2026-09-13T14:24:32Z	agent-supervisor	REQUEST_HUMAN_APPROVAL	APR-0004 OPEN_BUG: [major/high] [後端][機台][場館日結報表] 依場館彙總／依機台明細維度的 API 回應缺少「場次數」欄位 — 是否成為正式 Bug（OPEN）？
RUN-20260913-003	2026-09-13T14:24:32Z	agent-bug-validator	SUBMIT_ARTIFACT	BugValidationReport ART-BVR-01M2DJFM09KBVXETKQHAJYJZD8 VALID
RUN-20260913-003	2026-09-13T14:24:32Z	system	GATE_PASS	T2 G-BVAL
RUN-20260913-003	2026-09-13T14:24:32Z	agent-supervisor	REQUEST_HUMAN_APPROVAL	APR-0005 OPEN_BUG: [major/high] [後端][機台][場館日結報表] 依場次明細維度的 API 回應缺少「開始時間」與「場次時長」欄位 — 是否成為正式 Bug（OPEN）？
RUN-20260913-001	2026-09-13T15:15:39Z	oscarchen@blockaction.tech	ANSWER_CLARIFICATION	CLR-DAILYREPORT-001 resolution=requirement_clarified
RUN-20260913-001	2026-09-13T15:15:40Z	oscarchen@blockaction.tech	ANSWER_CLARIFICATION	CLR-DAILYREPORT-002 resolution=requirement_clarified
RUN-20260913-001	2026-09-13T15:15:40Z	oscarchen@blockaction.tech	ANSWER_CLARIFICATION	CLR-DAILYREPORT-003 resolution=requirement_clarified
RUN-20260913-001	2026-09-13T15:15:40Z	oscarchen@blockaction.tech	ANSWER_CLARIFICATION	CLR-DAILYREPORT-004 resolution=requirement_clarified
RUN-20260913-001	2026-09-13T15:15:40Z	oscarchen@blockaction.tech	ANSWER_CLARIFICATION	CLR-DAILYREPORT-005 resolution=requirement_clarified
RUN-20260913-001	2026-09-13T15:15:40Z	oscarchen@blockaction.tech	ANSWER_CLARIFICATION	CLR-DAILYREPORT-006 resolution=requirement_clarified
-	2026-09-13T15:15:40Z	oscarchen@blockaction.tech	ANSWER_CLARIFICATION	CLR-SCREENMGMT-001 resolution=no_change
-	2026-09-13T15:15:40Z	oscarchen@blockaction.tech	ANSWER_CLARIFICATION	CLR-SCREENMGMT-002 resolution=requirement_clarified
-	2026-09-13T16:30:20Z	oscarchen@blockaction.tech	NEW_CLARIFICATION	CLR-DAILYREPORT-007: 「當日結束的場次筆數」是否包含狀態為「逾時結束」與「日結結算」的場次？
-	2026-09-13T16:30:20Z	oscarchen@blockaction.tech	ANSWER_CLARIFICATION	CLR-DAILYREPORT-007 resolution=requirement_clarified
RUN-20260914-001	2026-09-13T16:31:09Z	oscarchen@blockaction.tech	CREATE_WORKFLOW_RUN	manual-test-to-regression
RUN-20260914-001	2026-09-13T16:31:38Z	agent-test-designer	SUBMIT_ARTIFACT	TestCaseDraft ART-TCD-01M2DSRB5ARV05TJHYVRWCWC5S VALID
RUN-20260914-001	2026-09-13T16:31:38Z	agent-test-designer	SUBMIT_ARTIFACT	TestDesignReport ART-TDR-01M2DSRB5CFT8PMCA837MFHNS3 VALID
RUN-20260914-001	2026-09-13T16:31:39Z	agent-supervisor	REQUEST_HUMAN_APPROVAL	APR-0006 NEEDS_DECISION: Draft 中 1/1 條為 exploratory（Spec 缺錯誤契約）。先補 Spec 還是繼續驗證？
RUN-20260914-001	2026-09-13T16:32:04Z	oscarchen@blockaction.tech	RECORD_APPROVAL	APR-0006 NEEDS_DECISION → approve
RUN-20260914-001	2026-09-13T16:35:04Z	agent-test-validator	ARTIFACT_INVALID	引用了其他 run 的 artifact ART-RM-01M2D72FB77WAP7PFRAKC54QCR
RUN-20260914-001	2026-09-13T16:35:24Z	agent-test-validator	SUBMIT_ARTIFACT	TestValidationReport ART-TVR-01M2DSZ7YJAQ0W85K54PPHG64M VALID
RUN-20260914-001	2026-09-13T16:35:25Z	system	ROUTE_BACK	T2 → T1 iteration 1
RUN-20260914-001	2026-09-13T16:35:25Z	agent-test-designer	SUBMIT_ARTIFACT	TestCaseDraft ART-TCD-01M2DSYMMRSM91ZNF501DFT6XF VALID
RUN-20260914-001	2026-09-13T16:35:25Z	agent-test-designer	SUBMIT_ARTIFACT	TestDesignReport ART-TDR-01M2DSYMMTZQDT3WB9P3XP90VX VALID
RUN-20260914-001	2026-09-13T16:35:25Z	system	GATE_PASS	T1 G-DESIGN
RUN-20260914-001	2026-09-13T16:36:25Z	agent-test-validator	ARTIFACT_INVALID	reference: Artifact ART-TCD-01M2DSRB5ARV05TJHYVRWCWC5S 狀態為 SUPERSEDED，只有 VALID 可被引用
RUN-20260914-001	2026-09-13T16:37:44Z	agent-test-validator	SUBMIT_ARTIFACT	TestValidationReport ART-TVR-01M2DT3GAFF9YC228962JCFTTA VALID
RUN-20260914-001	2026-09-13T16:37:44Z	system	MATERIALIZE_TESTCASES	TC-DAILYREPORT-054 v1
RUN-20260914-001	2026-09-13T16:37:44Z	system	GATE_PASS	T2 G-TVAL
RUN-20260914-001	2026-09-13T16:37:44Z	agent-supervisor	REQUEST_HUMAN_APPROVAL	APR-0007 ACTIVATE_TESTCASE: 1 個 Test Case 版本已 VALIDATED，是否成為 Registry ACTIVE 版本？（含 1 條 exploratory，approve 即確認其假設）
-	2026-09-13T17:26:08Z	oscarchen@blockaction.tech	NEW_CLARIFICATION	CLR-DAILYREPORT-008: 按週統計時，結算日期範圍內的不完整週如何顯示與計算？
-	2026-09-13T17:26:08Z	oscarchen@blockaction.tech	ANSWER_CLARIFICATION	CLR-DAILYREPORT-008 resolution=requirement_clarified
-	2026-09-13T17:26:08Z	oscarchen@blockaction.tech	NEW_CLARIFICATION	CLR-DAILYREPORT-009: 「未兌現金額不受週期影響、累計至查詢當下」是否也不受結算日期範圍限制？
-	2026-09-13T17:26:08Z	oscarchen@blockaction.tech	ANSWER_CLARIFICATION	CLR-DAILYREPORT-009 resolution=requirement_clarified
RUN-20260913-002	2026-09-13T18:02:49Z	oscarchen@blockaction.tech	RECORD_APPROVAL	APR-0004 OPEN_BUG → approve
RUN-20260913-002	2026-09-13T18:02:49Z	system	COMMIT_BUG	BUG-DAILYREPORT-001 → bugs/ba-admin/DAILYREPORT/BUG-DAILYREPORT-001.yaml
RUN-20260913-002	2026-09-13T18:02:49Z	agent-supervisor	CREATE_WORKFLOW_SUMMARY	ART-WS-01M2DYZA1B3ZS8PZED9RHJFAVK
RUN-20260913-003	2026-09-13T18:02:49Z	oscarchen@blockaction.tech	RECORD_APPROVAL	APR-0005 OPEN_BUG → approve
RUN-20260913-003	2026-09-13T18:02:49Z	system	COMMIT_BUG	BUG-DAILYREPORT-002 → bugs/ba-admin/DAILYREPORT/BUG-DAILYREPORT-002.yaml
RUN-20260913-003	2026-09-13T18:02:49Z	agent-supervisor	CREATE_WORKFLOW_SUMMARY	ART-WS-01M2DYZA4NNENPVV4FNJ6GG078
-	2026-09-13T18:02:50Z	oscarchen@blockaction.tech	BUG_RESOLVE	BUG-DAILYREPORT-001 external_ref=開發團隊共用表單（列號待補）
-	2026-09-13T18:02:50Z	oscarchen@blockaction.tech	BUG_RESOLVE	BUG-DAILYREPORT-002 external_ref=開發團隊共用表單（列號待補）
-	2026-09-13T18:07:18Z	oscarchen@blockaction.tech	ADD_EVIDENCE	EVD-0046 screenshot
-	2026-09-13T18:07:18Z	oscarchen@blockaction.tech	ADD_EVIDENCE	EVD-0047 screenshot
-	2026-09-13T18:07:18Z	oscarchen@blockaction.tech	IMPORT_EXECUTION	EXE-20260914-001 TC-DAILYREPORT-025 pass
-	2026-09-13T18:07:18Z	oscarchen@blockaction.tech	IMPORT_EXECUTION	EXE-20260914-002 TC-DAILYREPORT-029 pass
-	2026-09-13T18:07:18Z	oscarchen@blockaction.tech	BUG_VERIFY	BUG-DAILYREPORT-002 EXE-20260914-001 pass → VERIFIED
-	2026-09-13T18:07:18Z	oscarchen@blockaction.tech	BUG_CLOSE	BUG-DAILYREPORT-002 via APR-0008
-	2026-09-13T18:07:18Z	oscarchen@blockaction.tech	BUG_VERIFY	BUG-DAILYREPORT-001 EXE-20260914-002 pass → VERIFIED
-	2026-09-13T18:07:18Z	oscarchen@blockaction.tech	BUG_CLOSE	BUG-DAILYREPORT-001 via APR-0009
RUN-20260913-001	2026-09-13T18:07:19Z	oscarchen@blockaction.tech	RECORD_APPROVAL	APR-0003 ACTIVATE_TESTCASE → approve
RUN-20260913-001	2026-09-13T18:07:19Z	system	COMMIT_TO_REGISTRY	TC-DAILYREPORT-001 v1, TC-DAILYREPORT-002 v1, TC-DAILYREPORT-003 v1, TC-DAILYREPORT-004 v1, TC-DAILYREPORT-005 v1, TC-DAILYREPORT-006 v1, TC-DAILYREPORT-007 v1, TC-DAILYREPORT-008 v1, TC-DAILYREPORT-009 v1, TC-DAILYREPORT-010 v1, TC-DAILYREPORT-011 v1, TC-DAILYREPORT-012 v1, TC-DAILYREPORT-013 v1, TC-DAILYREPORT-014 v1, TC-DAILYREPORT-015 v1, TC-DAILYREPORT-016 v1, TC-DAILYREPORT-017 v1, TC-DAILYREPORT-018 v1, TC-DAILYREPORT-019 v1, TC-DAILYREPORT-020 v1, TC-DAILYREPORT-021 v1, TC-DAILYREPORT-022 v1, TC-DAILYREPORT-023 v1, TC-DAILYREPORT-024 v1, TC-DAILYREPORT-025 v1, TC-DAILYREPORT-026 v1, TC-DAILYREPORT-027 v1, TC-DAILYREPORT-028 v1, TC-DAILYREPORT-029 v1, TC-DAILYREPORT-030 v1, TC-DAILYREPORT-031 v1, TC-DAILYREPORT-032 v1, TC-DAILYREPORT-033 v1, TC-DAILYREPORT-034 v1, TC-DAILYREPORT-035 v1, TC-DAILYREPORT-036 v1, TC-DAILYREPORT-037 v1, TC-DAILYREPORT-038 v1, TC-DAILYREPORT-039 v1, TC-DAILYREPORT-040 v1, TC-DAILYREPORT-041 v1, TC-DAILYREPORT-042 v1, TC-DAILYREPORT-043 v1, TC-DAILYREPORT-044 v1, TC-DAILYREPORT-045 v1, TC-DAILYREPORT-046 v1, TC-DAILYREPORT-047 v1, TC-DAILYREPORT-048 v1, TC-DAILYREPORT-049 v1, TC-DAILYREPORT-050 v1, TC-DAILYREPORT-051 v1, TC-DAILYREPORT-052 v1, TC-DAILYREPORT-053 v1
RUN-20260913-001	2026-09-13T18:07:19Z	agent-supervisor	CREATE_WORKFLOW_SUMMARY	ART-WS-01M2DZ7H8XJS81FKPHJNW0CHJ2
RUN-20260914-001	2026-09-13T18:07:19Z	oscarchen@blockaction.tech	RECORD_APPROVAL	APR-0007 ACTIVATE_TESTCASE → approve
RUN-20260914-001	2026-09-13T18:07:19Z	system	COMMIT_TO_REGISTRY	TC-DAILYREPORT-054 v1
RUN-20260914-002	2026-09-13T19:07:06Z	oscarchen@blockaction.tech	CREATE_WORKFLOW_RUN	spec-to-testcase
RUN-20260914-002	2026-09-13T19:09:33Z	agent-spec-analyst	SUBMIT_ARTIFACT	SpecAnalysis ART-SA-01M2E2S7QEDQZCJNGAVBS7R580 VALID
RUN-20260914-002	2026-09-13T19:09:33Z	agent-spec-analyst	ARTIFACT_INVALID	$.payload.requirements[16].type: 'state_change' is not one of ['functional', 'constraint', 'non_functional', 'security', 'edge_case_candidate']
RUN-20260914-002	2026-09-13T19:09:47Z	agent-spec-analyst	SUBMIT_ARTIFACT	RequirementModel ART-RM-01M2E2SWZ3GR030YTSZS54E1NE VALID
RUN-20260914-002	2026-09-13T19:09:47Z	system	PERSIST_REQUIREMENTS	artifacts/requirements/SPEC-SITELIST-001/v0.4/requirements.yaml (29 reqs)
RUN-20260914-002	2026-09-13T19:09:47Z	agent-spec-analyst	NEW_CLARIFICATION	CLR-SITELIST-001: REQ-SITELIST-002 不符合時系統應如何反應？（Spec 未定義拒絕行為）
RUN-20260914-002	2026-09-13T19:09:47Z	agent-spec-analyst	NEW_CLARIFICATION	CLR-SITELIST-002: REQ-SITELIST-005 不符合時系統應如何反應？（Spec 未定義拒絕行為）
RUN-20260914-002	2026-09-13T19:09:47Z	agent-spec-analyst	NEW_CLARIFICATION	CLR-SITELIST-003: REQ-SITELIST-006 不符合時系統應如何反應？（Spec 未定義拒絕行為）
RUN-20260914-002	2026-09-13T19:09:47Z	agent-spec-analyst	NEW_CLARIFICATION	CLR-SITELIST-004: REQ-SITELIST-011 不符合時系統應如何反應？（Spec 未定義拒絕行為）
RUN-20260914-002	2026-09-13T19:09:47Z	agent-spec-analyst	NEW_CLARIFICATION	CLR-SITELIST-005: REQ-SITELIST-012 不符合時系統應如何反應？（Spec 未定義拒絕行為）
RUN-20260914-002	2026-09-13T19:09:47Z	agent-spec-analyst	NEW_CLARIFICATION	CLR-SITELIST-006: REQ-SITELIST-013 不符合時系統應如何反應？（Spec 未定義拒絕行為）
RUN-20260914-002	2026-09-13T19:09:47Z	agent-spec-analyst	NEW_CLARIFICATION	CLR-SITELIST-007: REQ-SITELIST-023 不符合時系統應如何反應？（Spec 未定義拒絕行為）
RUN-20260914-002	2026-09-13T19:09:47Z	system	GATE_PASS	T1 G-SPEC
RUN-20260914-002	2026-09-13T20:19:15Z	oscarchen@blockaction.tech	ANSWER_CLARIFICATION	CLR-SITELIST-001 resolution=requirement_clarified
RUN-20260914-002	2026-09-13T20:19:15Z	oscarchen@blockaction.tech	ANSWER_CLARIFICATION	CLR-SITELIST-002 resolution=requirement_clarified
RUN-20260914-002	2026-09-13T20:19:15Z	oscarchen@blockaction.tech	ANSWER_CLARIFICATION	CLR-SITELIST-003 resolution=requirement_clarified
RUN-20260914-002	2026-09-13T20:19:16Z	oscarchen@blockaction.tech	ANSWER_CLARIFICATION	CLR-SITELIST-004 resolution=requirement_clarified
RUN-20260914-002	2026-09-13T20:19:16Z	oscarchen@blockaction.tech	ANSWER_CLARIFICATION	CLR-SITELIST-005 resolution=requirement_clarified
RUN-20260914-002	2026-09-13T20:19:16Z	oscarchen@blockaction.tech	ANSWER_CLARIFICATION	CLR-SITELIST-006 resolution=requirement_clarified
RUN-20260914-002	2026-09-13T20:19:17Z	oscarchen@blockaction.tech	ANSWER_CLARIFICATION	CLR-SITELIST-007 resolution=spec_updated
-	2026-09-13T20:19:17Z	oscarchen@blockaction.tech	NEW_CLARIFICATION	CLR-SITELIST-008: 線上類型的主站台若帶有子站台，執行刪除時系統如何處理其子站台？
RUN-20260914-002	2026-09-13T20:24:51Z	agent-test-designer	SUBMIT_ARTIFACT	TestCaseDraft ART-TCD-01M2E7362RWS0XQFMYGB3AFDY8 VALID
RUN-20260914-002	2026-09-13T20:24:52Z	agent-test-designer	SUBMIT_ARTIFACT	TestDesignReport ART-TDR-01M2E7363J67RN3GFNNCZQPF29 VALID
RUN-20260914-002	2026-09-13T20:24:52Z	system	GATE_FAIL	G-DESIGN structural: TC-DRAFT-01M2E7362Q6BGB5E5CMWG8X594：REQ-SITELIST-023 的 rejection_contract 未定義，以 negative / error_guessing 技術寫的案例必須是 exploratory（assumptions + needs_human_confirmation），不得寫成確定規則；若 expected 有條文依據請改用 requirement_based / boundary_value
RUN-20260914-002	2026-09-13T20:25:27Z	agent-test-designer	ARTIFACT_INVALID	artifact 狀態 VALID 不可提交
RUN-20260914-002	2026-09-13T20:25:27Z	agent-supervisor	REQUEST_HUMAN_APPROVAL	APR-0010 NEEDS_DECISION: T2 連續 3 次 Structural FAIL
RUN-20260914-002	2026-09-13T20:25:27Z	agent-test-designer	ARTIFACT_INVALID	artifact 狀態 VALID 不可提交; reference: Artifact ART-TCD-01M2E73TZBYXHYVA71NPSN72DV 狀態為 INVALID，只有 VALID 可被引用
RUN-20260914-002	2026-09-13T20:26:05Z	oscarchen@blockaction.tech	RECORD_APPROVAL	APR-0010 NEEDS_DECISION → approve
RUN-20260914-002	2026-09-13T20:26:07Z	agent-test-designer	SUBMIT_ARTIFACT	TestCaseDraft ART-TCD-01M2E75M5QTGBMC777SB57QFJX VALID
RUN-20260914-002	2026-09-13T20:26:07Z	agent-test-designer	SUBMIT_ARTIFACT	TestDesignReport ART-TDR-01M2E75M6JJE24CSG7K1VZFA4X VALID
RUN-20260914-002	2026-09-13T20:26:07Z	system	GATE_PASS	T2 G-DESIGN
