2026-09-14T22:18:54Z	oscarchen@blockaction.tech	CREATE_WORKFLOW_RUN	spec-to-testcase
2026-09-14T22:18:54Z	system	SKIP_TASK	T1
2026-09-14T22:19:30Z	agent-test-designer	SUBMIT_ARTIFACT	TestCaseDraft ART-TCD-01M2H01W645VPKMVW89YQ5NP9V VALID
2026-09-14T22:19:30Z	agent-test-designer	SUBMIT_ARTIFACT	TestDesignReport ART-TDR-01M2H01W661PTHKXHTYWCQEH9N VALID
2026-09-14T22:19:30Z	system	GATE_FAIL	G-DESIGN structural: REQ-ARCADE-002 為 high risk 但沒有任何 negative / boundary / error_guessing 案例（或 uncovered_with_reason 需以 'NO_REJECTION_CONTRACT:' 開頭）
2026-09-14T22:20:31Z	agent-test-designer	ARTIFACT_INVALID	TC-DRAFT-01M2H03QK1HBC2JZZVRDXFBEBX source 與 mode 不一致
2026-09-14T22:20:43Z	agent-test-designer	SUBMIT_ARTIFACT	TestCaseDraft ART-TCD-01M2H043E5TCHTPHH8495XPXMH VALID
2026-09-14T22:20:43Z	agent-test-designer	SUBMIT_ARTIFACT	TestDesignReport ART-TDR-01M2H043E8AA7N50SG6EBJPCWB VALID
2026-09-14T22:20:43Z	system	GATE_PASS	T2 G-DESIGN
2026-09-14T22:23:10Z	agent-test-validator	SUBMIT_ARTIFACT	TestValidationReport ART-TVR-01M2H08QDNBM6PCEJKK2KJ5ADT VALID
2026-09-14T22:23:13Z	system	ROUTE_BACK	T3 → T2 iteration 1
2026-09-14T22:23:36Z	agent-test-designer	SUBMIT_ARTIFACT	TestCaseDraft ART-TCD-01M2H09CV7HSMK1BPXV2TN5JEB VALID
2026-09-14T22:23:36Z	agent-test-designer	SUBMIT_ARTIFACT	TestDesignReport ART-TDR-01M2H09CV9N9E4FBQRESKD0AYZ VALID
2026-09-14T22:23:36Z	system	GATE_PASS	T2 G-DESIGN
2026-09-14T22:25:08Z	agent-test-validator	SUBMIT_ARTIFACT	TestValidationReport ART-TVR-01M2H0C6YVS976GESM0G39E86E VALID
2026-09-14T22:25:08Z	system	MATERIALIZE_TESTCASES	TC-ARCADE-008 v1
2026-09-14T22:25:08Z	system	GATE_PASS	T3 G-TVAL
2026-09-14T22:25:08Z	agent-supervisor	REQUEST_HUMAN_APPROVAL	APR-0052 ACTIVATE_TESTCASE: 1 個 Test Case 版本已 VALIDATED，是否成為 Registry ACTIVE 版本？
2026-09-14T22:25:37Z	oscarchen@blockaction.tech	RECORD_APPROVAL	APR-0052 ACTIVATE_TESTCASE → approve
2026-09-14T22:25:37Z	system	COMMIT_TO_REGISTRY	TC-ARCADE-008 v1
2026-09-14T22:25:37Z	agent-supervisor	CREATE_WORKFLOW_SUMMARY	ART-WS-01M2H0D6SKPH65V297R7J1CEB3
