2026-10-02T05:17:13Z	oscarchen@blockaction.tech	CREATE_WORKFLOW_RUN	spec-change-impact
2026-10-02T05:24:24Z	agent-spec-analyst	SUBMIT_ARTIFACT	SpecAnalysis ART-SA-01M3XGY1XVAAYFNWYE707SGQWX VALID
2026-10-02T05:24:24Z	agent-spec-analyst	SUBMIT_ARTIFACT	RequirementModel ART-RM-01M3XGY20C2C01QSM6N88FR6EE VALID
2026-10-02T05:24:24Z	system	PERSIST_REQUIREMENTS	artifacts/requirements/SPEC-PLATFORMRULE-001/v0.2/requirements.yaml (25 reqs)
2026-10-02T05:24:24Z	agent-spec-analyst	NEW_CLARIFICATION	CLR-PLATFORMRULE-004: REQ-PLATFORMRULE-011 不符合時系統應如何反應？（Spec 未定義拒絕行為）
2026-10-02T05:24:24Z	system	GATE_PASS	T0 G-SPEC
2026-10-02T05:40:55Z	agent-change-impact-analyst	SUBMIT_ARTIFACT	ChangeImpactReport ART-CIR-01M3XJ09X6JYPY1SNA4TAP8H3D VALID
2026-10-02T05:40:57Z	system	GATE_PASS	T1 G-IMPACT
2026-10-02T05:47:20Z	agent-test-designer	SUBMIT_ARTIFACT	TestCaseDraft ART-TCD-01M3XJ8ECEZ1JDDXMJZJKRW8SB VALID
2026-10-02T05:47:20Z	agent-test-designer	SUBMIT_ARTIFACT	TestDesignReport ART-TDR-01M3XJ8EEJDVC3BBBPNDS2EK28 VALID
2026-10-02T05:47:20Z	system	GATE_FAIL	G-DESIGN structural: TC-DRAFT-01M3XJE1SZVJ1WKPXEZ39V44AT mode=change 但無 supersedes_testcase（新 TC 需 source_ref 以 new_required 開頭）; TC-DRAFT-01M3XJE1SZ4ENTHX9PSK7ZZP61 mode=change 但無 supersedes_testcase（新 TC 需 source_ref 以 new_required 開頭）; TC-DRAFT-01M3XJE1SZFA31EYFGQMXAVW6B mode=change 但無 supersedes_testcase（新 TC 需 sour
2026-10-02T05:47:33Z	agent-test-designer	SUBMIT_ARTIFACT	TestCaseDraft ART-TCD-01M3XJEKT5W77DV00S2JPMVVFP VALID
2026-10-02T05:47:34Z	agent-test-designer	SUBMIT_ARTIFACT	TestDesignReport ART-TDR-01M3XJEKWJSJ74NW3NVTESHZJ8 VALID
2026-10-02T05:47:34Z	system	GATE_PASS	T2 G-DESIGN
2026-10-02T05:54:27Z	agent-test-validator	SUBMIT_ARTIFACT	TestValidationReport ART-TVR-01M3XJQSW9ZJ7BRBZXW8NS3X6Z VALID
2026-10-02T05:54:27Z	system	ROUTE_BACK	T3 → T2 iteration 1
2026-10-02T05:55:39Z	agent-test-designer	SUBMIT_ARTIFACT	TestCaseDraft ART-TCD-01M3XJW8S546KRTR4RPED1N0T6 VALID
2026-10-02T05:55:40Z	agent-test-designer	SUBMIT_ARTIFACT	TestDesignReport ART-TDR-01M3XJW8V9Q9H8VXXB9Y77C5TH VALID
2026-10-02T05:55:40Z	system	GATE_PASS	T2 G-DESIGN
2026-10-02T05:57:55Z	agent-test-validator	SUBMIT_ARTIFACT	TestValidationReport ART-TVR-01M3XJZPXYG1CKA6D6VY1HZSTW VALID
2026-10-02T05:57:55Z	system	MATERIALIZE_TESTCASES	TC-PLATFORMRULE-048 v2, TC-PLATFORMRULE-051 v2, TC-PLATFORMRULE-066 v2, TC-PLATFORMRULE-067 v1, TC-PLATFORMRULE-068 v1, TC-PLATFORMRULE-069 v1, TC-PLATFORMRULE-070 v1, TC-PLATFORMRULE-071 v1, TC-PLATFORMRULE-072 v1, TC-PLATFORMRULE-073 v1, TC-PLATFORMRULE-074 v1
2026-10-02T05:57:55Z	system	GATE_PASS	T3 G-TVAL
2026-10-02T05:58:51Z	agent-change-impact-analyst	SUBMIT_ARTIFACT	VersionComparisonReport ART-VCR-01M3XK33WE3HX0E4963BM86S09 VALID
2026-10-02T05:58:51Z	system	GATE_PASS	T4 G-COMPARE
2026-10-02T05:58:51Z	agent-supervisor	REQUEST_HUMAN_APPROVAL	APR-0193 APPLY_CHANGE: 是否將此新版 Test Case 更新為正式 Registry 版本？（含 3 條 exploratory，approve 即確認其假設）
2026-10-02T06:05:56Z	oscarchen@blockaction.tech	RECORD_APPROVAL	APR-0193 APPLY_CHANGE → approve
2026-10-02T06:05:56Z	system	COMMIT_TO_REGISTRY	TC-PLATFORMRULE-048 v2, TC-PLATFORMRULE-051 v2, TC-PLATFORMRULE-066 v2, TC-PLATFORMRULE-067 v1, TC-PLATFORMRULE-068 v1, TC-PLATFORMRULE-069 v1, TC-PLATFORMRULE-070 v1, TC-PLATFORMRULE-071 v1, TC-PLATFORMRULE-072 v1, TC-PLATFORMRULE-073 v1, TC-PLATFORMRULE-074 v1
2026-10-02T06:05:56Z	agent-supervisor	CREATE_WORKFLOW_SUMMARY	ART-WS-01M3XKGA2KH4TMN0BPN41Z7XC8
