2026-09-14T17:33:47Z	oscarchen@blockaction.tech	CREATE_WORKFLOW_RUN	spec-to-testcase
2026-09-14T17:33:55Z	agent-spec-analyst	ARTIFACT_INVALID	$.payload.ambiguities[0]: 'requirement_id' is a required property; $.payload.ambiguities[0]: 'ambiguity' is a required property
2026-09-14T17:33:55Z	agent-spec-analyst	SUBMIT_ARTIFACT	RequirementModel ART-RM-01M2GFPZ5DH8JNXXHYVTRKNBNJ VALID
2026-09-14T17:34:29Z	agent-spec-analyst	ARTIFACT_INVALID	$.payload: Additional properties are not allowed ('ambiguities' was unexpected)
2026-09-14T17:34:43Z	agent-supervisor	REQUEST_HUMAN_APPROVAL	APR-0040 NEEDS_DECISION: T1 連續 3 次 Structural FAIL
2026-09-14T17:34:43Z	agent-spec-analyst	ARTIFACT_INVALID	artifact 狀態 INVALID 不可提交
2026-09-14T17:35:13Z	oscarchen@blockaction.tech	RECORD_APPROVAL	APR-0040 NEEDS_DECISION → approve
2026-09-14T17:35:34Z	agent-spec-analyst	SUBMIT_ARTIFACT	SpecAnalysis ART-SA-01M2GFSZG6QRD4NCD82W9N94QC VALID
2026-09-14T17:35:34Z	agent-spec-analyst	SUBMIT_ARTIFACT	RequirementModel ART-RM-01M2GFSZG8TQV1J1V8FW8PW9YH VALID
2026-09-14T17:35:34Z	system	PERSIST_REQUIREMENTS	artifacts/requirements/SPEC-BONUSCCY-001/v1.0/requirements.yaml (5 reqs)
2026-09-14T17:35:34Z	system	GATE_PASS	T1 G-SPEC
2026-09-14T17:43:28Z	agent-test-designer	SUBMIT_ARTIFACT	TestCaseDraft ART-TCD-01M2GG8DNPAEC4W537ERW4PFMD VALID
2026-09-14T17:43:28Z	agent-test-designer	SUBMIT_ARTIFACT	TestDesignReport ART-TDR-01M2GG8DNXMY7XKFK9J4W3XWHJ VALID
2026-09-14T17:43:29Z	system	GATE_PASS	T2 G-DESIGN
2026-09-14T17:49:43Z	agent-test-validator	ARTIFACT_INVALID	$.payload: 'validated_against' is a required property; $.payload: 'advisories' is a required property
2026-09-14T17:49:55Z	agent-test-validator	SUBMIT_ARTIFACT	TestValidationReport ART-TVR-01M2GGMCFWF8YZP1MEWNH8Z66F VALID
2026-09-14T17:49:55Z	system	ROUTE_BACK	T3 → T2 iteration 1
2026-09-14T17:50:02Z	agent-test-designer	SUBMIT_ARTIFACT	TestCaseDraft ART-TCD-01M2GGJYS5E5ER0FHZ2JSR9H7Y VALID
2026-09-14T17:50:02Z	agent-test-designer	SUBMIT_ARTIFACT	TestDesignReport ART-TDR-01M2GGJYSB0SCV2ZZX953C8449 VALID
2026-09-14T17:50:02Z	system	GATE_FAIL	G-DESIGN structural: REQ-BONUSCCY-003 為 high risk 但沒有任何 negative / boundary / error_guessing 案例（或 uncovered_with_reason 需以 'NO_REJECTION_CONTRACT:' 開頭）
2026-09-14T17:50:31Z	agent-test-designer	SUBMIT_ARTIFACT	TestCaseDraft ART-TCD-01M2GGNA97NB232AR3MRX69SK7 VALID
2026-09-14T17:50:31Z	agent-test-designer	SUBMIT_ARTIFACT	TestDesignReport ART-TDR-01M2GGNA9EMG0RW9ZFAD2GDVK2 VALID
2026-09-14T17:50:31Z	system	GATE_PASS	T2 G-DESIGN
2026-09-14T17:53:40Z	agent-test-validator	SUBMIT_ARTIFACT	TestValidationReport ART-TVR-01M2GGV7ZXBE9PJJS1KY4836EC VALID
2026-09-14T17:53:40Z	system	GATE_FAIL	G-TVAL structural: issue 指向不存在的 draft TC-DRAFT-01M2GGNA97NB232AR3MRX69SK7
2026-09-14T17:53:55Z	agent-test-validator	SUBMIT_ARTIFACT	TestValidationReport ART-TVR-01M2GGVPKDSDJMTHXE9QK3567Z VALID
2026-09-14T17:53:55Z	system	MATERIALIZE_TESTCASES	TC-BONUSCCY-001 v1, TC-BONUSCCY-002 v1, TC-BONUSCCY-003 v1, TC-BONUSCCY-004 v1, TC-BONUSCCY-005 v1, TC-BONUSCCY-006 v1, TC-BONUSCCY-007 v1, TC-BONUSCCY-008 v1, TC-BONUSCCY-009 v1
2026-09-14T17:53:55Z	system	GATE_PASS	T3 G-TVAL
2026-09-14T17:53:55Z	agent-supervisor	REQUEST_HUMAN_APPROVAL	APR-0041 ACTIVATE_TESTCASE: 9 個 Test Case 版本已 VALIDATED，是否成為 Registry ACTIVE 版本？
2026-09-14T17:59:13Z	oscarchen@blockaction.tech	RECORD_APPROVAL	APR-0041 ACTIVATE_TESTCASE → approve
2026-09-14T17:59:13Z	system	COMMIT_TO_REGISTRY	TC-BONUSCCY-001 v1, TC-BONUSCCY-002 v1, TC-BONUSCCY-003 v1, TC-BONUSCCY-004 v1, TC-BONUSCCY-005 v1, TC-BONUSCCY-006 v1, TC-BONUSCCY-007 v1, TC-BONUSCCY-008 v1, TC-BONUSCCY-009 v1
2026-09-14T17:59:13Z	agent-supervisor	CREATE_WORKFLOW_SUMMARY	ART-WS-01M2GH5DNR17154928ZFNFAZSP
