2026-09-14T10:28:13Z	oscarchen@blockaction.tech	CREATE_WORKFLOW_RUN	spec-to-testcase
2026-09-14T10:29:55Z	agent-spec-analyst	SUBMIT_ARTIFACT	SpecAnalysis ART-SA-01M2FQEJZHQGCGKCHAZG48QNJ8 VALID
2026-09-14T10:29:55Z	agent-spec-analyst	SUBMIT_ARTIFACT	RequirementModel ART-RM-01M2FQEJZKJN67ZPJJ95Q1SXVD VALID
2026-09-14T10:29:56Z	system	PERSIST_REQUIREMENTS	artifacts/requirements/SPEC-CASHOUT-001/v0.1/requirements.yaml (31 reqs)
2026-09-14T10:29:56Z	system	GATE_PASS	T1 G-SPEC
2026-09-14T11:53:36Z	agent-test-designer	SUBMIT_ARTIFACT	TestCaseDraft ART-TCD-01M2FW7Q25Y6Q4603W7T2VV48V VALID
2026-09-14T11:53:36Z	agent-test-designer	SUBMIT_ARTIFACT	TestDesignReport ART-TDR-01M2FW7Q2SV9GS7F514ZZZG2HX VALID
2026-09-14T11:53:36Z	system	GATE_FAIL	G-DESIGN structural: REQ-CASHOUT-021 為 high risk 但沒有任何 negative / boundary / error_guessing 案例（或 uncovered_with_reason 需以 'NO_REJECTION_CONTRACT:' 開頭）; REQ-CASHOUT-022 為 high risk 但沒有任何 negative / boundary / error_guessing 案例（或 uncovered_with_reason 需以 'NO_REJECTION_CONTRACT:' 開頭）
2026-09-14T11:54:28Z	agent-test-designer	SUBMIT_ARTIFACT	TestCaseDraft ART-TCD-01M2FW99D2HD4DKNQSRAECMPBE VALID
2026-09-14T11:54:29Z	agent-test-designer	SUBMIT_ARTIFACT	TestDesignReport ART-TDR-01M2FW99E8MCEMN4D1JFC0Z2M5 VALID
2026-09-14T11:54:29Z	system	GATE_PASS	T2 G-DESIGN
2026-09-14T12:02:26Z	agent-test-validator	SUBMIT_ARTIFACT	TestValidationReport ART-TVR-01M2FWQZ4T1STC1ASVHK42520R VALID
2026-09-14T12:02:26Z	system	ROUTE_BACK	T3 → T2 iteration 1
2026-09-14T12:02:39Z	agent-test-designer	SUBMIT_ARTIFACT	TestCaseDraft ART-TCD-01M2FWR9DF0S93QVGVSMKRT48Z VALID
2026-09-14T12:02:39Z	agent-test-designer	SUBMIT_ARTIFACT	TestDesignReport ART-TDR-01M2FWR9E33M3077GCG6BFKJCF VALID
2026-09-14T12:02:39Z	system	GATE_PASS	T2 G-DESIGN
2026-09-14T12:06:47Z	agent-test-validator	SUBMIT_ARTIFACT	TestValidationReport ART-TVR-01M2FWZYNTJV02SHWVKMVYY5DW VALID
2026-09-14T12:06:47Z	system	MATERIALIZE_TESTCASES	TC-CASHOUT-001 v1, TC-CASHOUT-002 v1, TC-CASHOUT-003 v1, TC-CASHOUT-004 v1, TC-CASHOUT-005 v1, TC-CASHOUT-006 v1, TC-CASHOUT-007 v1, TC-CASHOUT-008 v1, TC-CASHOUT-009 v1, TC-CASHOUT-010 v1, TC-CASHOUT-011 v1, TC-CASHOUT-012 v1, TC-CASHOUT-013 v1, TC-CASHOUT-014 v1, TC-CASHOUT-015 v1, TC-CASHOUT-016 v1, TC-CASHOUT-017 v1, TC-CASHOUT-018 v1, TC-CASHOUT-019 v1, TC-CASHOUT-020 v1, TC-CASHOUT-021 v1, TC-CASHOUT-022 v1, TC-CASHOUT-023 v1, TC-CASHOUT-024 v1, TC-CASHOUT-025 v1, TC-CASHOUT-026 v1, TC-CASHOUT-027 v1, TC-CASHOUT-028 v1, TC-CASHOUT-029 v1, TC-CASHOUT-030 v1, TC-CASHOUT-031 v1, TC-CASHOUT-032 v1, TC-CASHOUT-033 v1, TC-CASHOUT-034 v1, TC-CASHOUT-035 v1, TC-CASHOUT-036 v1, TC-CASHOUT-037 v1, TC-CASHOUT-038 v1, TC-CASHOUT-039 v1, TC-CASHOUT-040 v1
2026-09-14T12:06:47Z	system	GATE_PASS	T3 G-TVAL
2026-09-14T12:06:47Z	agent-supervisor	REQUEST_HUMAN_APPROVAL	APR-0034 ACTIVATE_TESTCASE: 40 個 Test Case 版本已 VALIDATED，是否成為 Registry ACTIVE 版本？
2026-09-14T12:46:30Z	oscarchen@blockaction.tech	RECORD_APPROVAL	APR-0034 ACTIVATE_TESTCASE → reject
2026-09-14T12:46:30Z	system	COMMIT_TO_REGISTRY	(none)
2026-09-14T12:47:52Z	agent-test-designer	SUBMIT_ARTIFACT	TestCaseDraft ART-TCD-01M2FZB2P5QF20QVEXC8AFC9F7 VALID
2026-09-14T12:47:53Z	agent-test-designer	SUBMIT_ARTIFACT	TestDesignReport ART-TDR-01M2FZB2PS6SSWBZ57A6B1HKA8 VALID
2026-09-14T12:47:53Z	system	GATE_PASS	T2 G-DESIGN
2026-09-14T12:56:29Z	agent-test-validator	SUBMIT_ARTIFACT	TestValidationReport ART-TVR-01M2FZTYCTPC8WE6MEED7FGW69 VALID
2026-09-14T12:56:29Z	agent-supervisor	REQUEST_HUMAN_APPROVAL	APR-0035 HUMAN_OVERRIDE: T2 已迭代 3 次仍 FAIL
2026-09-14T12:56:35Z	oscarchen@blockaction.tech	RECORD_APPROVAL	APR-0035 HUMAN_OVERRIDE → reject
2026-09-14T12:56:48Z	agent-test-designer	SUBMIT_ARTIFACT	TestCaseDraft ART-TCD-01M2FZVEBASTVF9YW1YTHAD7C9 VALID
2026-09-14T12:56:48Z	agent-test-designer	SUBMIT_ARTIFACT	TestDesignReport ART-TDR-01M2FZVEBY72V15AFBYZVTBP71 VALID
2026-09-14T12:56:48Z	system	GATE_PASS	T2 G-DESIGN
2026-09-14T12:59:22Z	agent-test-validator	SUBMIT_ARTIFACT	TestValidationReport ART-TVR-01M2G008HEKDYGTW60XHYB5HP5 VALID
2026-09-14T12:59:23Z	system	MATERIALIZE_TESTCASES	TC-CASHOUT-041 v1, TC-CASHOUT-042 v1, TC-CASHOUT-043 v1, TC-CASHOUT-044 v1, TC-CASHOUT-045 v1, TC-CASHOUT-046 v1, TC-CASHOUT-047 v1, TC-CASHOUT-048 v1, TC-CASHOUT-049 v1, TC-CASHOUT-050 v1, TC-CASHOUT-051 v1, TC-CASHOUT-052 v1, TC-CASHOUT-053 v1, TC-CASHOUT-054 v1, TC-CASHOUT-055 v1, TC-CASHOUT-056 v1, TC-CASHOUT-057 v1, TC-CASHOUT-058 v1, TC-CASHOUT-059 v1, TC-CASHOUT-060 v1, TC-CASHOUT-061 v1, TC-CASHOUT-062 v1, TC-CASHOUT-063 v1, TC-CASHOUT-064 v1, TC-CASHOUT-065 v1, TC-CASHOUT-066 v1, TC-CASHOUT-067 v1, TC-CASHOUT-068 v1, TC-CASHOUT-069 v1, TC-CASHOUT-070 v1, TC-CASHOUT-071 v1, TC-CASHOUT-072 v1, TC-CASHOUT-073 v1, TC-CASHOUT-074 v1, TC-CASHOUT-075 v1, TC-CASHOUT-076 v1, TC-CASHOUT-077 v1, TC-CASHOUT-078 v1, TC-CASHOUT-079 v1, TC-CASHOUT-080 v1, TC-CASHOUT-081 v1, TC-CASHOUT-082 v1
2026-09-14T12:59:23Z	system	GATE_PASS	T3 G-TVAL
2026-09-14T12:59:23Z	agent-supervisor	REQUEST_HUMAN_APPROVAL	APR-0036 ACTIVATE_TESTCASE: 42 個 Test Case 版本已 VALIDATED，是否成為 Registry ACTIVE 版本？
2026-09-14T13:50:55Z	oscarchen@blockaction.tech	RECORD_APPROVAL	APR-0036 ACTIVATE_TESTCASE → approve
2026-09-14T13:50:55Z	system	COMMIT_TO_REGISTRY	TC-CASHOUT-041 v1, TC-CASHOUT-042 v1, TC-CASHOUT-043 v1, TC-CASHOUT-044 v1, TC-CASHOUT-045 v1, TC-CASHOUT-046 v1, TC-CASHOUT-047 v1, TC-CASHOUT-048 v1, TC-CASHOUT-049 v1, TC-CASHOUT-050 v1, TC-CASHOUT-051 v1, TC-CASHOUT-052 v1, TC-CASHOUT-053 v1, TC-CASHOUT-054 v1, TC-CASHOUT-055 v1, TC-CASHOUT-056 v1, TC-CASHOUT-057 v1, TC-CASHOUT-058 v1, TC-CASHOUT-059 v1, TC-CASHOUT-060 v1, TC-CASHOUT-061 v1, TC-CASHOUT-062 v1, TC-CASHOUT-063 v1, TC-CASHOUT-064 v1, TC-CASHOUT-065 v1, TC-CASHOUT-066 v1, TC-CASHOUT-067 v1, TC-CASHOUT-068 v1, TC-CASHOUT-069 v1, TC-CASHOUT-070 v1, TC-CASHOUT-071 v1, TC-CASHOUT-072 v1, TC-CASHOUT-073 v1, TC-CASHOUT-074 v1, TC-CASHOUT-075 v1, TC-CASHOUT-076 v1, TC-CASHOUT-077 v1, TC-CASHOUT-078 v1, TC-CASHOUT-079 v1, TC-CASHOUT-080 v1, TC-CASHOUT-081 v1, TC-CASHOUT-082 v1
2026-09-14T13:50:55Z	agent-supervisor	CREATE_WORKFLOW_SUMMARY	ART-WS-01M2G2YRW5793VSHM8ZR8HKTMK
