2026-09-13T11:03:10Z	oscarchen@blockaction.tech	CREATE_WORKFLOW_RUN	spec-to-testcase
2026-09-13T11:04:55Z	agent-spec-analyst	SUBMIT_ARTIFACT	SpecAnalysis ART-SA-01M2D723KZY1429N1AP338TR5S VALID
2026-09-13T11:04:55Z	agent-spec-analyst	ARTIFACT_INVALID	$.payload.requirements[0].acceptance_criteria[0].ac_id: 'AC-DAILYREPORT-001A' does not match '^AC-[A-Z0-9]+-[0-9]{3,}$'; $.payload.requirements[0].acceptance_criteria[1].ac_id: 'AC-DAILYREPORT-001B' does not match '^AC-[A-Z0-9]+-[0-9]{3,}$'; $.payload.requirements[0].acceptance_criteria[2].ac_id: 'A
2026-09-13T11:05:07Z	agent-spec-analyst	SUBMIT_ARTIFACT	RequirementModel ART-RM-01M2D72FB77WAP7PFRAKC54QCR VALID
2026-09-13T11:05:07Z	system	PERSIST_REQUIREMENTS	artifacts/requirements/SPEC-DAILYREPORT-001/v0.1/requirements.yaml (17 reqs)
2026-09-13T11:05:07Z	agent-spec-analyst	NEW_CLARIFICATION	CLR-DAILYREPORT-001: REQ-DAILYREPORT-001 不符合時系統應如何反應？（Spec 未定義拒絕行為）
2026-09-13T11:05:07Z	agent-spec-analyst	NEW_CLARIFICATION	CLR-DAILYREPORT-002: REQ-DAILYREPORT-003 不符合時系統應如何反應？（Spec 未定義拒絕行為）
2026-09-13T11:05:07Z	agent-spec-analyst	NEW_CLARIFICATION	CLR-DAILYREPORT-003: REQ-DAILYREPORT-004 不符合時系統應如何反應？（Spec 未定義拒絕行為）
2026-09-13T11:05:07Z	agent-spec-analyst	NEW_CLARIFICATION	CLR-DAILYREPORT-004: REQ-DAILYREPORT-007 不符合時系統應如何反應？（Spec 未定義拒絕行為）
2026-09-13T11:05:07Z	agent-spec-analyst	NEW_CLARIFICATION	CLR-DAILYREPORT-005: REQ-DAILYREPORT-011 不符合時系統應如何反應？（Spec 未定義拒絕行為）
2026-09-13T11:05:07Z	agent-spec-analyst	NEW_CLARIFICATION	CLR-DAILYREPORT-006: REQ-DAILYREPORT-016 不符合時系統應如何反應？（Spec 未定義拒絕行為）
2026-09-13T11:05:07Z	system	GATE_PASS	T1 G-SPEC
2026-09-13T11:07:58Z	agent-test-designer	ARTIFACT_INVALID	$.payload.testcases[14].title: '按月彙總' is too short
2026-09-13T11:07:58Z	agent-test-designer	ARTIFACT_INVALID	reference: Artifact ART-TCD-01M2D77NQ66TKDCRERBRMVWKF4 狀態為 INVALID，只有 VALID 可被引用
2026-09-13T11:08:06Z	agent-test-designer	SUBMIT_ARTIFACT	TestCaseDraft ART-TCD-01M2D77XNG6X6HQ7A30SP0154W VALID
2026-09-13T11:08:06Z	agent-test-designer	SUBMIT_ARTIFACT	TestDesignReport ART-TDR-01M2D77XP91E1FGSGVXSMFMRZ7 VALID
2026-09-13T11:08:07Z	system	GATE_FAIL	G-DESIGN structural: TC-DRAFT-01M2D77XNFYT80K96WEN5MYW07：REQ-DAILYREPORT-007 的 rejection_contract 未定義，非 happy-path 案例的 expected 必須以 exploratory 表達（assumptions + needs_human_confirmation），不得寫成確定規則; TC-DRAFT-01M2D77XNF7HW2DD0AHR4NT8C0：REQ-DAILYREPORT-007 的 rejection_contract 未定義，非 happy-path 案例的 expected 必須以 exploratory 表
2026-09-13T14:02:05Z	system	GATE_PASS	T2 G-DESIGN
2026-09-13T14:09:17Z	agent-test-validator	SUBMIT_ARTIFACT	TestValidationReport ART-TVR-01M2DHKNY6RHPZ12HV2DNSWVHM VALID
2026-09-13T14:09:17Z	system	ROUTE_BACK	T3 → T2 iteration 1
2026-09-13T14:10:30Z	agent-supervisor	REQUEST_HUMAN_APPROVAL	APR-0001 NEEDS_DECISION: T2 連續 4 次 Structural FAIL
2026-09-13T14:10:30Z	agent-test-designer	ARTIFACT_INVALID	artifact 狀態 VALID 不可提交
2026-09-13T14:10:54Z	oscarchen@blockaction.tech	RECORD_APPROVAL	APR-0001 NEEDS_DECISION → approve
2026-09-13T14:10:55Z	agent-test-designer	SUBMIT_ARTIFACT	TestCaseDraft ART-TCD-01M2DHP7NPKTQZPEHSYS86RNPE VALID
2026-09-13T14:10:55Z	agent-test-designer	SUBMIT_ARTIFACT	TestDesignReport ART-TDR-01M2DHP7PF3JA30JSVPX8B2D7B VALID
2026-09-13T14:10:55Z	system	GATE_PASS	T2 G-DESIGN
2026-09-13T14:15:31Z	agent-test-validator	SUBMIT_ARTIFACT	TestValidationReport ART-TVR-01M2DHZ3HFXMS3342ZRNSJR838 VALID
2026-09-13T14:15:32Z	agent-supervisor	REQUEST_HUMAN_APPROVAL	APR-0002 HUMAN_OVERRIDE: T2 已迭代 3 次仍 FAIL
2026-09-13T14:15:55Z	oscarchen@blockaction.tech	MANUAL_CORRECTION	T2 iteration 3→2：NEEDS_DECISION retry 誤計入 semantic 迭代（engine bug，已修）
2026-09-13T14:15:55Z	oscarchen@blockaction.tech	RECORD_APPROVAL	APR-0002 HUMAN_OVERRIDE → reject
2026-09-13T14:15:56Z	agent-test-designer	SUBMIT_ARTIFACT	TestCaseDraft ART-TCD-01M2DHZ414N1W916083PN5Z45J VALID
2026-09-13T14:15:56Z	agent-test-designer	SUBMIT_ARTIFACT	TestDesignReport ART-TDR-01M2DHZ41XA94Z9J05VX0DF281 VALID
2026-09-13T14:15:56Z	system	GATE_PASS	T2 G-DESIGN
2026-09-13T14:16:15Z	oscarchen@blockaction.tech	MANUAL_CORRECTION	T3 DONE→PENDING：HUMAN_OVERRIDE reject 未重設下游 task（engine bug，已修）
2026-09-13T14:16:16Z	system	GATE_PASS	T2 G-DESIGN
2026-09-13T14:18:21Z	agent-test-validator	SUBMIT_ARTIFACT	TestValidationReport ART-TVR-01M2DJ49HHDZVN62QCSCX11KNR VALID
2026-09-13T14:18:22Z	system	MATERIALIZE_TESTCASES	TC-DAILYREPORT-001 v1, TC-DAILYREPORT-002 v1, TC-DAILYREPORT-003 v1, TC-DAILYREPORT-004 v1, TC-DAILYREPORT-005 v1, TC-DAILYREPORT-006 v1, TC-DAILYREPORT-007 v1, TC-DAILYREPORT-008 v1, TC-DAILYREPORT-009 v1, TC-DAILYREPORT-010 v1, TC-DAILYREPORT-011 v1, TC-DAILYREPORT-012 v1, TC-DAILYREPORT-013 v1, TC-DAILYREPORT-014 v1, TC-DAILYREPORT-015 v1, TC-DAILYREPORT-016 v1, TC-DAILYREPORT-017 v1, TC-DAILYREPORT-018 v1, TC-DAILYREPORT-019 v1, TC-DAILYREPORT-020 v1, TC-DAILYREPORT-021 v1, TC-DAILYREPORT-022 v1, TC-DAILYREPORT-023 v1, TC-DAILYREPORT-024 v1, TC-DAILYREPORT-025 v1, TC-DAILYREPORT-026 v1, TC-DAILYREPORT-027 v1, TC-DAILYREPORT-028 v1, TC-DAILYREPORT-029 v1, TC-DAILYREPORT-030 v1, TC-DAILYREPORT-031 v1, TC-DAILYREPORT-032 v1, TC-DAILYREPORT-033 v1, TC-DAILYREPORT-034 v1, TC-DAILYREPORT-035 v1, TC-DAILYREPORT-036 v1, TC-DAILYREPORT-037 v1, TC-DAILYREPORT-038 v1, TC-DAILYREPORT-039 v1, TC-DAILYREPORT-040 v1, TC-DAILYREPORT-041 v1, TC-DAILYREPORT-042 v1, TC-DAILYREPORT-043 v1, TC-DAILYREPORT-044 v1, TC-DAILYREPORT-045 v1, TC-DAILYREPORT-046 v1, TC-DAILYREPORT-047 v1, TC-DAILYREPORT-048 v1, TC-DAILYREPORT-049 v1, TC-DAILYREPORT-050 v1, TC-DAILYREPORT-051 v1, TC-DAILYREPORT-052 v1, TC-DAILYREPORT-053 v1
2026-09-13T14:18:22Z	system	GATE_PASS	T3 G-TVAL
2026-09-13T14:18:22Z	agent-supervisor	REQUEST_HUMAN_APPROVAL	APR-0003 ACTIVATE_TESTCASE: 53 個 Test Case 版本已 VALIDATED，是否成為 Registry ACTIVE 版本？（含 9 條 exploratory，approve 即確認其假設）
2026-09-13T15:15:39Z	oscarchen@blockaction.tech	ANSWER_CLARIFICATION	CLR-DAILYREPORT-001 resolution=requirement_clarified
2026-09-13T15:15:40Z	oscarchen@blockaction.tech	ANSWER_CLARIFICATION	CLR-DAILYREPORT-002 resolution=requirement_clarified
2026-09-13T15:15:40Z	oscarchen@blockaction.tech	ANSWER_CLARIFICATION	CLR-DAILYREPORT-003 resolution=requirement_clarified
2026-09-13T15:15:40Z	oscarchen@blockaction.tech	ANSWER_CLARIFICATION	CLR-DAILYREPORT-004 resolution=requirement_clarified
2026-09-13T15:15:40Z	oscarchen@blockaction.tech	ANSWER_CLARIFICATION	CLR-DAILYREPORT-005 resolution=requirement_clarified
2026-09-13T15:15:40Z	oscarchen@blockaction.tech	ANSWER_CLARIFICATION	CLR-DAILYREPORT-006 resolution=requirement_clarified
2026-09-13T18:07:19Z	oscarchen@blockaction.tech	RECORD_APPROVAL	APR-0003 ACTIVATE_TESTCASE → approve
2026-09-13T18:07:19Z	system	COMMIT_TO_REGISTRY	TC-DAILYREPORT-001 v1, TC-DAILYREPORT-002 v1, TC-DAILYREPORT-003 v1, TC-DAILYREPORT-004 v1, TC-DAILYREPORT-005 v1, TC-DAILYREPORT-006 v1, TC-DAILYREPORT-007 v1, TC-DAILYREPORT-008 v1, TC-DAILYREPORT-009 v1, TC-DAILYREPORT-010 v1, TC-DAILYREPORT-011 v1, TC-DAILYREPORT-012 v1, TC-DAILYREPORT-013 v1, TC-DAILYREPORT-014 v1, TC-DAILYREPORT-015 v1, TC-DAILYREPORT-016 v1, TC-DAILYREPORT-017 v1, TC-DAILYREPORT-018 v1, TC-DAILYREPORT-019 v1, TC-DAILYREPORT-020 v1, TC-DAILYREPORT-021 v1, TC-DAILYREPORT-022 v1, TC-DAILYREPORT-023 v1, TC-DAILYREPORT-024 v1, TC-DAILYREPORT-025 v1, TC-DAILYREPORT-026 v1, TC-DAILYREPORT-027 v1, TC-DAILYREPORT-028 v1, TC-DAILYREPORT-029 v1, TC-DAILYREPORT-030 v1, TC-DAILYREPORT-031 v1, TC-DAILYREPORT-032 v1, TC-DAILYREPORT-033 v1, TC-DAILYREPORT-034 v1, TC-DAILYREPORT-035 v1, TC-DAILYREPORT-036 v1, TC-DAILYREPORT-037 v1, TC-DAILYREPORT-038 v1, TC-DAILYREPORT-039 v1, TC-DAILYREPORT-040 v1, TC-DAILYREPORT-041 v1, TC-DAILYREPORT-042 v1, TC-DAILYREPORT-043 v1, TC-DAILYREPORT-044 v1, TC-DAILYREPORT-045 v1, TC-DAILYREPORT-046 v1, TC-DAILYREPORT-047 v1, TC-DAILYREPORT-048 v1, TC-DAILYREPORT-049 v1, TC-DAILYREPORT-050 v1, TC-DAILYREPORT-051 v1, TC-DAILYREPORT-052 v1, TC-DAILYREPORT-053 v1
2026-09-13T18:07:19Z	agent-supervisor	CREATE_WORKFLOW_SUMMARY	ART-WS-01M2DZ7H8XJS81FKPHJNW0CHJ2
