2026-09-14T21:30:52Z	oscarchen@blockaction.tech	CREATE_WORKFLOW_RUN	testcase-revision
2026-09-14T21:31:23Z	agent-test-designer	SUBMIT_ARTIFACT	TestCaseDraft ART-TCD-01M2GX9RMTBJ31XW2YRX6X558A VALID
2026-09-14T21:31:23Z	agent-test-designer	SUBMIT_ARTIFACT	TestDesignReport ART-TDR-01M2GX9RMX8JNYF3QCN4KE4APX VALID
2026-09-14T21:31:23Z	system	GATE_PASS	T1 G-DESIGN
2026-09-14T21:34:21Z	agent-test-validator	SUBMIT_ARTIFACT	TestValidationReport ART-TVR-01M2GXF7VXABVJB2TZA5VCVE32 VALID
2026-09-14T21:34:22Z	system	ROUTE_BACK	T2 → T1 iteration 1
2026-09-14T21:39:33Z	agent-test-designer	SUBMIT_ARTIFACT	TestCaseDraft ART-TCD-01M2GXRQ71V6960CJ8JMK3GJ64 VALID
2026-09-14T21:39:33Z	agent-test-designer	SUBMIT_ARTIFACT	TestDesignReport ART-TDR-01M2GXRQ74RPJ0AVBX1DFY12TN VALID
2026-09-14T21:39:33Z	system	GATE_PASS	T1 G-DESIGN
2026-09-14T21:46:26Z	agent-test-validator	SUBMIT_ARTIFACT	TestValidationReport ART-TVR-01M2GY5BD46VKPFF1CKEFJB6TT VALID
2026-09-14T21:46:26Z	system	ROUTE_BACK	T2 → T1 iteration 2
2026-09-14T21:46:31Z	agent-test-designer	SUBMIT_ARTIFACT	TestCaseDraft ART-TCD-01M2GY40HCNPKGNZZRHRA45NKH VALID
2026-09-14T21:46:31Z	agent-test-designer	SUBMIT_ARTIFACT	TestDesignReport ART-TDR-01M2GY40HF8G64JNJDD5KMR77N VALID
2026-09-14T21:46:31Z	system	GATE_PASS	T1 G-DESIGN
2026-09-14T21:48:15Z	agent-test-validator	SUBMIT_ARTIFACT	TestValidationReport ART-TVR-01M2GY8NGHX478X2V47FTQ9RPG VALID
2026-09-14T21:48:15Z	system	MATERIALIZE_TESTCASES	TC-PLATFORMRULE-018 v2
2026-09-14T21:48:15Z	system	GATE_PASS	T2 G-TVAL
2026-09-14T21:48:15Z	agent-supervisor	REQUEST_HUMAN_APPROVAL	APR-0050 ACTIVATE_TESTCASE: 1 個 Test Case 版本已 VALIDATED，是否成為 Registry ACTIVE 版本？
2026-09-14T21:51:53Z	oscarchen@blockaction.tech	RECORD_APPROVAL	APR-0050 ACTIVATE_TESTCASE → approve
2026-09-14T21:51:53Z	system	COMMIT_TO_REGISTRY	TC-PLATFORMRULE-018 v2
2026-09-14T21:51:53Z	agent-supervisor	CREATE_WORKFLOW_SUMMARY	ART-WS-01M2GYFEMRYZX1W0CC94VP1MKQ
