2026-09-16T10:11:13Z	oscarchen@blockaction.tech	CREATE_WORKFLOW_RUN	testcase-revision
2026-09-16T10:12:25Z	agent-test-designer	SUBMIT_ARTIFACT	TestCaseDraft ART-TCD-01M2MV7YZBM3XGXNQMDZ13DSHA VALID
2026-09-16T10:12:26Z	agent-test-designer	SUBMIT_ARTIFACT	TestDesignReport ART-TDR-01M2MV7YZE1D4Z64G1RE3H2E74 VALID
2026-09-16T10:12:26Z	system	GATE_PASS	T1 G-DESIGN
2026-09-16T10:22:36Z	agent-test-validator	SUBMIT_ARTIFACT	TestValidationReport ART-TVR-01M2MVTRSS16CDF2YZF2RC1ZX9 VALID
2026-09-16T10:22:36Z	system	GATE_FAIL	G-TVAL structural: issue 指向不存在的 draft TC-DRAFT-01M2MBHFR6FY005FGJYW5ZZKRM; issue 指向不存在的 draft TC-DRAFT-01M2MBHFR6FY005FGJYW5ZZKRM
2026-09-16T10:23:06Z	agent-test-validator	SUBMIT_ARTIFACT	TestValidationReport ART-TVR-01M2MVVP6F9BXJFR3BDNJED7H4 VALID
2026-09-16T10:23:06Z	system	ROUTE_BACK	T2 → T1 iteration 1
2026-09-16T10:23:12Z	agent-test-designer	SUBMIT_ARTIFACT	TestCaseDraft ART-TCD-01M2MVQJDJ1D5ABBA645BPKPKZ VALID
2026-09-16T10:23:13Z	agent-test-designer	SUBMIT_ARTIFACT	TestDesignReport ART-TDR-01M2MVQJDNGKXJ69CB4ENYJ0QE VALID
2026-09-16T10:23:13Z	system	GATE_PASS	T1 G-DESIGN
2026-09-16T10:28:16Z	agent-test-validator	SUBMIT_ARTIFACT	TestValidationReport ART-TVR-01M2MW54VCG36NJ2CNRB69QK8Z VALID
2026-09-16T10:28:16Z	system	ROUTE_BACK	T2 → T1 iteration 2
2026-09-16T10:28:25Z	agent-test-designer	SUBMIT_ARTIFACT	TestCaseDraft ART-TCD-01M2MW59D79R0RQEF1GSK6PEKQ VALID
2026-09-16T10:28:25Z	agent-test-designer	SUBMIT_ARTIFACT	TestDesignReport ART-TDR-01M2MW59DAGASGTD61QF2W26B4 VALID
2026-09-16T10:28:26Z	system	GATE_PASS	T1 G-DESIGN
2026-09-16T10:28:57Z	agent-test-validator	SUBMIT_ARTIFACT	TestValidationReport ART-TVR-01M2MW6D49XPCN4MA7NT7SCBFY VALID
2026-09-16T10:28:57Z	system	MATERIALIZE_TESTCASES	TC-CASHFLOW-026 v2
2026-09-16T10:28:57Z	system	GATE_PASS	T2 G-TVAL
2026-09-16T10:28:57Z	agent-supervisor	REQUEST_HUMAN_APPROVAL	APR-0104 ACTIVATE_TESTCASE: 1 個 Test Case 版本已 VALIDATED，是否成為 Registry ACTIVE 版本？
2026-09-16T10:33:57Z	oscarchen@blockaction.tech	RECORD_APPROVAL	APR-0104 ACTIVATE_TESTCASE → approve
2026-09-16T10:33:57Z	system	COMMIT_TO_REGISTRY	TC-CASHFLOW-026 v2
2026-09-16T10:33:57Z	agent-supervisor	CREATE_WORKFLOW_SUMMARY	ART-WS-01M2MWFHRDZSHQHC0CFQQ9RR0G
