2026-09-13T19:07:06Z	oscarchen@blockaction.tech	CREATE_WORKFLOW_RUN	spec-to-testcase
2026-09-13T19:09:33Z	agent-spec-analyst	SUBMIT_ARTIFACT	SpecAnalysis ART-SA-01M2E2S7QEDQZCJNGAVBS7R580 VALID
2026-09-13T19:09:33Z	agent-spec-analyst	ARTIFACT_INVALID	$.payload.requirements[16].type: 'state_change' is not one of ['functional', 'constraint', 'non_functional', 'security', 'edge_case_candidate']
2026-09-13T19:09:47Z	agent-spec-analyst	SUBMIT_ARTIFACT	RequirementModel ART-RM-01M2E2SWZ3GR030YTSZS54E1NE VALID
2026-09-13T19:09:47Z	system	PERSIST_REQUIREMENTS	artifacts/requirements/SPEC-SITELIST-001/v0.4/requirements.yaml (29 reqs)
2026-09-13T19:09:47Z	agent-spec-analyst	NEW_CLARIFICATION	CLR-SITELIST-001: REQ-SITELIST-002 不符合時系統應如何反應？（Spec 未定義拒絕行為）
2026-09-13T19:09:47Z	agent-spec-analyst	NEW_CLARIFICATION	CLR-SITELIST-002: REQ-SITELIST-005 不符合時系統應如何反應？（Spec 未定義拒絕行為）
2026-09-13T19:09:47Z	agent-spec-analyst	NEW_CLARIFICATION	CLR-SITELIST-003: REQ-SITELIST-006 不符合時系統應如何反應？（Spec 未定義拒絕行為）
2026-09-13T19:09:47Z	agent-spec-analyst	NEW_CLARIFICATION	CLR-SITELIST-004: REQ-SITELIST-011 不符合時系統應如何反應？（Spec 未定義拒絕行為）
2026-09-13T19:09:47Z	agent-spec-analyst	NEW_CLARIFICATION	CLR-SITELIST-005: REQ-SITELIST-012 不符合時系統應如何反應？（Spec 未定義拒絕行為）
2026-09-13T19:09:47Z	agent-spec-analyst	NEW_CLARIFICATION	CLR-SITELIST-006: REQ-SITELIST-013 不符合時系統應如何反應？（Spec 未定義拒絕行為）
2026-09-13T19:09:47Z	agent-spec-analyst	NEW_CLARIFICATION	CLR-SITELIST-007: REQ-SITELIST-023 不符合時系統應如何反應？（Spec 未定義拒絕行為）
2026-09-13T19:09:47Z	system	GATE_PASS	T1 G-SPEC
2026-09-13T20:19:15Z	oscarchen@blockaction.tech	ANSWER_CLARIFICATION	CLR-SITELIST-001 resolution=requirement_clarified
2026-09-13T20:19:15Z	oscarchen@blockaction.tech	ANSWER_CLARIFICATION	CLR-SITELIST-002 resolution=requirement_clarified
2026-09-13T20:19:15Z	oscarchen@blockaction.tech	ANSWER_CLARIFICATION	CLR-SITELIST-003 resolution=requirement_clarified
2026-09-13T20:19:16Z	oscarchen@blockaction.tech	ANSWER_CLARIFICATION	CLR-SITELIST-004 resolution=requirement_clarified
2026-09-13T20:19:16Z	oscarchen@blockaction.tech	ANSWER_CLARIFICATION	CLR-SITELIST-005 resolution=requirement_clarified
2026-09-13T20:19:16Z	oscarchen@blockaction.tech	ANSWER_CLARIFICATION	CLR-SITELIST-006 resolution=requirement_clarified
2026-09-13T20:19:17Z	oscarchen@blockaction.tech	ANSWER_CLARIFICATION	CLR-SITELIST-007 resolution=spec_updated
2026-09-13T20:24:51Z	agent-test-designer	SUBMIT_ARTIFACT	TestCaseDraft ART-TCD-01M2E7362RWS0XQFMYGB3AFDY8 VALID
2026-09-13T20:24:52Z	agent-test-designer	SUBMIT_ARTIFACT	TestDesignReport ART-TDR-01M2E7363J67RN3GFNNCZQPF29 VALID
2026-09-13T20:24:52Z	system	GATE_FAIL	G-DESIGN structural: TC-DRAFT-01M2E7362Q6BGB5E5CMWG8X594：REQ-SITELIST-023 的 rejection_contract 未定義，以 negative / error_guessing 技術寫的案例必須是 exploratory（assumptions + needs_human_confirmation），不得寫成確定規則；若 expected 有條文依據請改用 requirement_based / boundary_value
2026-09-13T20:25:27Z	agent-test-designer	ARTIFACT_INVALID	artifact 狀態 VALID 不可提交
2026-09-13T20:25:27Z	agent-supervisor	REQUEST_HUMAN_APPROVAL	APR-0010 NEEDS_DECISION: T2 連續 3 次 Structural FAIL
2026-09-13T20:25:27Z	agent-test-designer	ARTIFACT_INVALID	artifact 狀態 VALID 不可提交; reference: Artifact ART-TCD-01M2E73TZBYXHYVA71NPSN72DV 狀態為 INVALID，只有 VALID 可被引用
2026-09-13T20:26:05Z	oscarchen@blockaction.tech	RECORD_APPROVAL	APR-0010 NEEDS_DECISION → approve
2026-09-13T20:26:07Z	agent-test-designer	SUBMIT_ARTIFACT	TestCaseDraft ART-TCD-01M2E75M5QTGBMC777SB57QFJX VALID
2026-09-13T20:26:07Z	agent-test-designer	SUBMIT_ARTIFACT	TestDesignReport ART-TDR-01M2E75M6JJE24CSG7K1VZFA4X VALID
2026-09-13T20:26:07Z	system	GATE_PASS	T2 G-DESIGN
