2026-09-14T21:12:25Z	oscarchen@blockaction.tech	CREATE_WORKFLOW_RUN	spec-to-testcase
2026-09-14T21:13:21Z	agent-spec-analyst	SUBMIT_ARTIFACT	SpecAnalysis ART-SA-01M2GW8RBRFTW8P5ZV2YB16ESK VALID
2026-09-14T21:13:21Z	agent-spec-analyst	SUBMIT_ARTIFACT	RequirementModel ART-RM-01M2GW8RBT2JA2KG86B1J5K87J VALID
2026-09-14T21:13:21Z	system	PERSIST_REQUIREMENTS	artifacts/requirements/SPEC-ARCADE-001/v0.7/requirements.yaml (6 reqs)
2026-09-14T21:13:21Z	system	GATE_PASS	T1 G-SPEC
2026-09-14T21:54:04Z	agent-test-designer	SUBMIT_ARTIFACT	TestCaseDraft ART-TCD-01M2GYKAG5M4MS9TV1TYWJG94W VALID
2026-09-14T21:54:05Z	agent-test-designer	SUBMIT_ARTIFACT	TestDesignReport ART-TDR-01M2GYKAGBGNBJ5QPR9E8HTHMR VALID
2026-09-14T21:54:05Z	system	GATE_PASS	T2 G-DESIGN
2026-09-14T21:58:26Z	agent-test-validator	SUBMIT_ARTIFACT	TestValidationReport ART-TVR-01M2GYVB3CNFCA1W7HNJZAX6AD VALID
2026-09-14T21:58:26Z	system	ROUTE_BACK	T3 → T2 iteration 1
2026-09-14T21:59:43Z	agent-test-designer	SUBMIT_ARTIFACT	TestCaseDraft ART-TCD-01M2GYXGTZG4JQSPXBA0X4RW12 VALID
2026-09-14T21:59:43Z	agent-test-designer	SUBMIT_ARTIFACT	TestDesignReport ART-TDR-01M2GYXGV5GABV2B4CSC4FY39E VALID
2026-09-14T21:59:44Z	system	GATE_PASS	T2 G-DESIGN
2026-09-14T22:03:19Z	agent-test-validator	SUBMIT_ARTIFACT	TestValidationReport ART-TVR-01M2GZ48BGVXYFET07P5EA2FDV VALID
2026-09-14T22:03:19Z	system	MATERIALIZE_TESTCASES	TC-ARCADE-001 v1, TC-ARCADE-002 v1, TC-ARCADE-003 v1, TC-ARCADE-004 v1, TC-ARCADE-005 v1, TC-ARCADE-006 v1, TC-ARCADE-007 v1
2026-09-14T22:03:19Z	system	GATE_PASS	T3 G-TVAL
2026-09-14T22:03:19Z	agent-supervisor	REQUEST_HUMAN_APPROVAL	APR-0051 ACTIVATE_TESTCASE: 7 個 Test Case 版本已 VALIDATED，是否成為 Registry ACTIVE 版本？（含 1 條 exploratory，approve 即確認其假設）
2026-09-14T22:18:31Z	oscarchen@blockaction.tech	RECORD_APPROVAL	APR-0051 ACTIVATE_TESTCASE → approve
2026-09-14T22:18:31Z	system	COMMIT_TO_REGISTRY	TC-ARCADE-001 v1, TC-ARCADE-002 v1, TC-ARCADE-003 v1, TC-ARCADE-004 v1, TC-ARCADE-006 v1, TC-ARCADE-007 v1
2026-09-14T22:18:31Z	agent-supervisor	CREATE_WORKFLOW_SUMMARY	ART-WS-01M2H0070023581A28T5H6NVQJ
