2026-09-16T03:09:27Z	oscarchen@blockaction.tech	CREATE_WORKFLOW_RUN	testcase-revision
2026-09-16T03:10:35Z	agent-test-designer	SUBMIT_ARTIFACT	TestCaseDraft ART-TCD-01M2M33H136A7GYMXYDQA9T4NV VALID
2026-09-16T03:10:35Z	agent-test-designer	SUBMIT_ARTIFACT	TestDesignReport ART-TDR-01M2M33H18M39H5B34TSJT225V VALID
2026-09-16T03:10:35Z	system	GATE_PASS	T1 G-DESIGN
2026-09-16T03:23:18Z	agent-test-validator	SUBMIT_ARTIFACT	TestValidationReport ART-TVR-01M2M3V02P1892G89SK5X4ZA1Z VALID
2026-09-16T03:23:18Z	system	ROUTE_BACK	T2 → T1 iteration 1
2026-09-16T03:24:08Z	agent-test-designer	SUBMIT_ARTIFACT	TestCaseDraft ART-TCD-01M2M3WA1WD1P6VCRVKT1G955E VALID
2026-09-16T03:24:08Z	agent-test-designer	SUBMIT_ARTIFACT	TestDesignReport ART-TDR-01M2M3WA22PQ1AGYRF939EZ9C7 VALID
2026-09-16T03:24:08Z	system	GATE_PASS	T1 G-DESIGN
2026-09-16T03:29:38Z	agent-test-validator	SUBMIT_ARTIFACT	TestValidationReport ART-TVR-01M2M46K1NGQ75HC41K91VZKS8 VALID
2026-09-16T03:29:38Z	system	ROUTE_BACK	T2 → T1 iteration 2
2026-09-16T03:29:51Z	agent-test-designer	SUBMIT_ARTIFACT	TestCaseDraft ART-TCD-01M2M46S4T7XCPB75WEMS0ECXM VALID
2026-09-16T03:29:51Z	agent-test-designer	SUBMIT_ARTIFACT	TestDesignReport ART-TDR-01M2M46S4ZFWV4HX375X1AVR4F VALID
2026-09-16T03:29:51Z	system	GATE_PASS	T1 G-DESIGN
2026-09-16T03:33:13Z	agent-test-validator	SUBMIT_ARTIFACT	TestValidationReport ART-TVR-01M2M4D5AZTER4GTW7T63PDCKN VALID
2026-09-16T03:33:13Z	system	MATERIALIZE_TESTCASES	TC-MEMBER-007 v5, TC-MEMBER-008 v5
2026-09-16T03:33:13Z	system	GATE_PASS	T2 G-TVAL
2026-09-16T03:33:13Z	agent-supervisor	REQUEST_HUMAN_APPROVAL	APR-0098 ACTIVATE_TESTCASE: 2 個 Test Case 版本已 VALIDATED，是否成為 Registry ACTIVE 版本？（含 2 條 exploratory，approve 即確認其假設）
2026-09-16T03:36:23Z	oscarchen@blockaction.tech	RECORD_APPROVAL	APR-0098 ACTIVATE_TESTCASE → approve
2026-09-16T03:36:23Z	system	COMMIT_TO_REGISTRY	TC-MEMBER-007 v5, TC-MEMBER-008 v5
2026-09-16T03:36:23Z	agent-supervisor	CREATE_WORKFLOW_SUMMARY	ART-WS-01M2M4JZ8X5NXK2R2NTZGD53TD
